"03.07.2021 23:04:28",php-linux,systemd-modules-load[272],"Inserted module 'lp'
"
"03.07.2021 23:04:28",php-linux,kernel,"[    0.000000] Linux version 5.11.0-22-generic (buildd@lcy01-amd64-025) (gcc (Ubuntu 10.3.0-1ubuntu1) 10.3.0, GNU ld (GNU Binutils for Ubuntu) 2.36.1) #23-Ubuntu SMP Thu Jun 17 00:34:23 UTC 2021 (Ubuntu 5.11.0-22.23-generic 5.11.21)
"
"03.07.2021 23:04:28",php-linux,systemd-modules-load[272],"Inserted module 'ppdev'
"
"03.07.2021 23:04:28",php-linux,systemd-modules-load[272],"Inserted module 'parport_pc'
"
"03.07.2021 23:04:28",php-linux,kernel,"[    0.000000] Command line: BOOT_IMAGE=/boot/vmlinuz-5.11.0-22-generic root=UUID=5a08d67c-412e-4901-80c2-c7d06745ed70 ro quiet splash
"
"03.07.2021 23:04:28",php-linux,kernel,"[    0.000000] KERNEL supported cpus:
"
"03.07.2021 23:04:28",php-linux,systemd-modules-load[272],"Inserted module 'msr'
"
"03.07.2021 23:04:28",php-linux,kernel,"[    0.000000]   Intel GenuineIntel
"
"03.07.2021 23:04:28",php-linux,kernel,"[    0.000000]   AMD AuthenticAMD
"
"03.07.2021 23:04:28",php-linux,kernel,"[    0.000000]   Hygon HygonGenuine
"
"03.07.2021 23:04:28",php-linux,kernel,"[    0.000000]   Centaur CentaurHauls
"
"03.07.2021 23:04:28",php-linux,kernel,"[    0.000000]   zhaoxin   Shanghai  
"
"03.07.2021 23:04:28",php-linux,kernel,"[    0.000000] [Firmware Bug]: TSC doesn't count with P0 frequency!
"
"03.07.2021 23:04:28",php-linux,systemd-modules-load[272],"Module 'fuse' is built in
"
"03.07.2021 23:04:28",php-linux,kernel,"[    0.000000] x86/fpu: Supporting XSAVE feature 0x001: 'x87 floating point registers'
"
"03.07.2021 23:04:28",php-linux,kernel,"[    0.000000] x86/fpu: Supporting XSAVE feature 0x002: 'SSE registers'
"
"03.07.2021 23:04:28",php-linux,kernel,"[    0.000000] x86/fpu: Supporting XSAVE feature 0x004: 'AVX registers'
"
"03.07.2021 23:04:28",php-linux,kernel,"[    0.000000] x86/fpu: xstate_offset[2]:  576, xstate_sizes[2]:  256
"
"03.07.2021 23:04:28",php-linux,kernel,"[    0.000000] x86/fpu: Enabled xstate features 0x7, context size is 832 bytes, using 'standard' format.
"
"03.07.2021 23:04:28",php-linux,systemd-sysusers[286],"Creating group systemd-coredump with gid 999.
"
"03.07.2021 23:04:28",php-linux,kernel,"[    0.000000] BIOS-provided physical RAM map:
"
"03.07.2021 23:04:28",php-linux,kernel,"[    0.000000] BIOS-e820: [mem 0x0000000000000000-0x000000000009fbff] usable
"
"03.07.2021 23:04:28",php-linux,kernel,"[    0.000000] BIOS-e820: [mem 0x000000000009fc00-0x000000000009ffff] reserved
"
"03.07.2021 23:04:28",php-linux,kernel,"[    0.000000] BIOS-e820: [mem 0x00000000000f0000-0x00000000000fffff] reserved
"
"03.07.2021 23:04:28",php-linux,kernel,"[    0.000000] BIOS-e820: [mem 0x0000000000100000-0x00000000dffeffff] usable
"
"03.07.2021 23:04:28",php-linux,kernel,"[    0.000000] BIOS-e820: [mem 0x00000000dfff0000-0x00000000dfffffff] ACPI data
"
"03.07.2021 23:04:28",php-linux,kernel,"[    0.000000] BIOS-e820: [mem 0x00000000fec00000-0x00000000fec00fff] reserved
"
"03.07.2021 23:04:28",php-linux,systemd-sysusers[286],"Creating user systemd-coredump (systemd Core Dumper) with uid 999 and gid 999.
"
"03.07.2021 23:04:28",php-linux,kernel,"[    0.000000] BIOS-e820: [mem 0x00000000fee00000-0x00000000fee00fff] reserved
"
"03.07.2021 23:04:28",php-linux,kernel,"[    0.000000] BIOS-e820: [mem 0x00000000fffc0000-0x00000000ffffffff] reserved
"
"03.07.2021 23:04:28",php-linux,kernel,"[    0.000000] BIOS-e820: [mem 0x0000000100000000-0x000000041fffffff] usable
"
"03.07.2021 23:04:28",php-linux,kernel,"[    0.000000] NX (Execute Disable) protection: active
"
"03.07.2021 23:04:28",php-linux,kernel,"[    0.000000] SMBIOS 2.5 present.
"
"03.07.2021 23:04:28",php-linux,kernel,"[    0.000000] DMI: innotek GmbH VirtualBox/VirtualBox, BIOS VirtualBox 12/01/2006
"
"03.07.2021 23:04:28",php-linux,kernel,"[    0.000000] Hypervisor detected: KVM
"
"03.07.2021 23:04:28",php-linux,kernel,"[    0.000000] kvm-clock: Using msrs 4b564d01 and 4b564d00
"
"03.07.2021 23:04:28",php-linux,kernel,"[    0.000000] kvm-clock: cpu 0, msr b0c01001, primary cpu clock
"
"03.07.2021 23:04:28",php-linux,kernel,"[    0.000000] kvm-clock: using sched offset of 3408053955 cycles
"
"03.07.2021 23:04:28",php-linux,kernel,"[    0.000001] clocksource: kvm-clock: mask: 0xffffffffffffffff max_cycles: 0x1cd42e4dffb, max_idle_ns: 881590591483 ns
"
"03.07.2021 23:04:28",php-linux,systemd[1],"Starting Flush Journal to Persistent Storage...
"
"03.07.2021 23:04:28",php-linux,kernel,"[    0.000003] tsc: Detected 3593.256 MHz processor
"
"03.07.2021 23:04:28",php-linux,kernel,"[    0.001278] e820: update [mem 0x00000000-0x00000fff] usable ==> reserved
"
"03.07.2021 23:04:28",php-linux,systemd[1],"Activated swap /swapfile.
"
"03.07.2021 23:04:28",php-linux,kernel,"[    0.001281] e820: remove [mem 0x000a0000-0x000fffff] usable
"
"03.07.2021 23:04:28",php-linux,kernel,"[    0.001284] last_pfn = 0x420000 max_arch_pfn = 0x400000000
"
"03.07.2021 23:04:28",php-linux,kernel,"[    0.001295] MTRR default type: uncachable
"
"03.07.2021 23:04:28",php-linux,kernel,"[    0.001296] MTRR variable ranges disabled:
"
"03.07.2021 23:04:28",php-linux,kernel,"[    0.001299] Disabled
"
"03.07.2021 23:04:28",php-linux,systemd[1],"Reached target Swap.
"
"03.07.2021 23:04:28",php-linux,kernel,"[    0.001299] x86/PAT: MTRRs disabled, skipping PAT initialization too.
"
"03.07.2021 23:04:28",php-linux,kernel,"[    0.001301] CPU MTRRs all blank - virtualized system.
"
"03.07.2021 23:04:28",php-linux,kernel,"[    0.001303] x86/PAT: Configuration [0-7]: WB  WT  UC- UC  WB  WT  UC- UC  
"
"03.07.2021 23:04:28",php-linux,kernel,"[    0.001307] last_pfn = 0xdfff0 max_arch_pfn = 0x400000000
"
"03.07.2021 23:04:28",php-linux,kernel,"[    0.001330] found SMP MP-table at [mem 0x0009fff0-0x0009ffff]
"
"03.07.2021 23:04:28",php-linux,kernel,"[    0.066317] check: Scanning 1 areas for low memory corruption
"
"03.07.2021 23:04:28",php-linux,systemd[1],"Finished Create System Users.
"
"03.07.2021 23:04:28",php-linux,kernel,"[    0.066640] RAMDISK: [mem 0x30c37000-0x34612fff]
"
"03.07.2021 23:04:28",php-linux,kernel,"[    0.066645] ACPI: Early table checksum verification disabled
"
"03.07.2021 23:04:28",php-linux,kernel,"[    0.066648] ACPI: RSDP 0x00000000000E0000 000024 (v02 VBOX  )
"
"03.07.2021 23:04:28",php-linux,kernel,"[    0.066652] ACPI: XSDT 0x00000000DFFF0030 00003C (v01 VBOX   VBOXXSDT 00000001 ASL  00000061)
"
"03.07.2021 23:04:28",php-linux,kernel,"[    0.066656] ACPI: FACP 0x00000000DFFF00F0 0000F4 (v04 VBOX   VBOXFACP 00000001 ASL  00000061)
"
"03.07.2021 23:04:28",php-linux,kernel,"[    0.066661] ACPI: DSDT 0x00000000DFFF0490 002325 (v02 VBOX   VBOXBIOS 00000002 INTL 20100528)
"
"03.07.2021 23:04:28",php-linux,systemd[1],"Finished Set the console keyboard layout.
"
"03.07.2021 23:04:28",php-linux,kernel,"[    0.066664] ACPI: FACS 0x00000000DFFF0200 000040
"
"03.07.2021 23:04:28",php-linux,kernel,"[    0.066666] ACPI: FACS 0x00000000DFFF0200 000040
"
"03.07.2021 23:04:28",php-linux,kernel,"[    0.066668] ACPI: APIC 0x00000000DFFF0240 00007C (v02 VBOX   VBOXAPIC 00000001 ASL  00000061)
"
"03.07.2021 23:04:28",php-linux,kernel,"[    0.066671] ACPI: SSDT 0x00000000DFFF02C0 0001CC (v01 VBOX   VBOXCPUT 00000002 INTL 20100528)
"
"03.07.2021 23:04:28",php-linux,systemd[1],"Starting Create Static Device Nodes in /dev...
"
"03.07.2021 23:04:28",php-linux,kernel,"[    0.066673] ACPI: Reserving FACP table memory at [mem 0xdfff00f0-0xdfff01e3]
"
"03.07.2021 23:04:28",php-linux,kernel,"[    0.066674] ACPI: Reserving DSDT table memory at [mem 0xdfff0490-0xdfff27b4]
"
"03.07.2021 23:04:28",php-linux,kernel,"[    0.066675] ACPI: Reserving FACS table memory at [mem 0xdfff0200-0xdfff023f]
"
"03.07.2021 23:04:28",php-linux,systemd[1],"Finished Coldplug All udev Devices.
"
"03.07.2021 23:04:28",php-linux,kernel,"[    0.066676] ACPI: Reserving FACS table memory at [mem 0xdfff0200-0xdfff023f]
"
"03.07.2021 23:04:28",php-linux,kernel,"[    0.066677] ACPI: Reserving APIC table memory at [mem 0xdfff0240-0xdfff02bb]
"
"03.07.2021 23:04:28",php-linux,kernel,"[    0.066678] ACPI: Reserving SSDT table memory at [mem 0xdfff02c0-0xdfff048b]
"
"03.07.2021 23:04:28",php-linux,kernel,"[    0.066686] ACPI: Local APIC address 0xfee00000
"
"03.07.2021 23:04:28",php-linux,systemd[1],"Finished Flush Journal to Persistent Storage.
"
"03.07.2021 23:04:28",php-linux,kernel,"[    0.066826] No NUMA configuration found
"
"03.07.2021 23:04:28",php-linux,kernel,"[    0.066827] Faking a node at [mem 0x0000000000000000-0x000000041fffffff]
"
"03.07.2021 23:04:28",php-linux,kernel,"[    0.066834] NODE_DATA(0) allocated [mem 0x41ffcd000-0x41fff6fff]
"
"03.07.2021 23:04:28",php-linux,kernel,"[    0.067114] Zone ranges:
"
"03.07.2021 23:04:28",php-linux,systemd[1],"Finished Create Static Device Nodes in /dev.
"
"03.07.2021 23:04:28",php-linux,kernel,"[    0.067114]   DMA      [mem 0x0000000000001000-0x0000000000ffffff]
"
"03.07.2021 23:04:28",php-linux,kernel,"[    0.067116]   DMA32    [mem 0x0000000001000000-0x00000000ffffffff]
"
"03.07.2021 23:04:28",php-linux,kernel,"[    0.067117]   Normal   [mem 0x0000000100000000-0x000000041fffffff]
"
"03.07.2021 23:04:28",php-linux,kernel,"[    0.067118]   Device   empty
"
"03.07.2021 23:04:28",php-linux,kernel,"[    0.067119] Movable zone start for each node
"
"03.07.2021 23:04:28",php-linux,kernel,"[    0.067121] Early memory node ranges
"
"03.07.2021 23:04:28",php-linux,systemd[1],"Reached target Local File Systems (Pre).
"
"03.07.2021 23:04:28",php-linux,kernel,"[    0.067122]   node   0: [mem 0x0000000000001000-0x000000000009efff]
"
"03.07.2021 23:04:28",php-linux,kernel,"[    0.067123]   node   0: [mem 0x0000000000100000-0x00000000dffeffff]
"
"03.07.2021 23:04:28",php-linux,kernel,"[    0.067124]   node   0: [mem 0x0000000100000000-0x000000041fffffff]
"
"03.07.2021 23:04:28",php-linux,kernel,"[    0.067126] Initmem setup node 0 [mem 0x0000000000001000-0x000000041fffffff]
"
"03.07.2021 23:04:28",php-linux,kernel,"[    0.067127] On node 0 totalpages: 4194190
"
"03.07.2021 23:04:28",php-linux,systemd[1],"Mounting Mount unit for core18, revision 1997...
"
"03.07.2021 23:04:28",php-linux,kernel,"[    0.067128]   DMA zone: 64 pages used for memmap
"
"03.07.2021 23:04:28",php-linux,kernel,"[    0.067129]   DMA zone: 21 pages reserved
"
"03.07.2021 23:04:28",php-linux,kernel,"[    0.067129]   DMA zone: 3998 pages, LIFO batch:0
"
"03.07.2021 23:04:28",php-linux,kernel,"[    0.067368]   DMA zone: 28770 pages in unavailable ranges
"
"03.07.2021 23:04:28",php-linux,kernel,"[    0.067369]   DMA32 zone: 14272 pages used for memmap
"
"03.07.2021 23:04:28",php-linux,systemd[1],"Mounting Mount unit for gnome-3-34-1804, revision 66...
"
"03.07.2021 23:04:28",php-linux,kernel,"[    0.067370]   DMA32 zone: 913392 pages, LIFO batch:63
"
"03.07.2021 23:04:28",php-linux,kernel,"[    0.072947]   DMA32 zone: 16 pages in unavailable ranges
"
"03.07.2021 23:04:28",php-linux,kernel,"[    0.072951]   Normal zone: 51200 pages used for memmap
"
"03.07.2021 23:04:28",php-linux,kernel,"[    0.072951]   Normal zone: 3276800 pages, LIFO batch:63
"
"03.07.2021 23:04:28",php-linux,systemd[1],"Mounting Mount unit for gtk-common-themes, revision 1514...
"
"03.07.2021 23:04:28",php-linux,kernel,"[    0.092945] ACPI: PM-Timer IO Port: 0x4008
"
"03.07.2021 23:04:28",php-linux,kernel,"[    0.092950] ACPI: Local APIC address 0xfee00000
"
"03.07.2021 23:04:28",php-linux,kernel,"[    0.092997] IOAPIC[0]: apic_id 6, version 32, address 0xfec00000, GSI 0-23
"
"03.07.2021 23:04:28",php-linux,kernel,"[    0.093000] ACPI: INT_SRC_OVR (bus 0 bus_irq 0 global_irq 2 dfl dfl)
"
"03.07.2021 23:04:28",php-linux,kernel,"[    0.093001] ACPI: INT_SRC_OVR (bus 0 bus_irq 9 global_irq 9 low level)
"
"03.07.2021 23:04:28",php-linux,kernel,"[    0.093003] ACPI: IRQ0 used by override.
"
"03.07.2021 23:04:28",php-linux,kernel,"[    0.093004] ACPI: IRQ9 used by override.
"
"03.07.2021 23:04:28",php-linux,kernel,"[    0.093005] Using ACPI (MADT) for SMP configuration information
"
"03.07.2021 23:04:28",php-linux,systemd[1],"Mounting Mount unit for snap-store, revision 518...
"
"03.07.2021 23:04:28",php-linux,kernel,"[    0.093010] smpboot: Allowing 6 CPUs, 0 hotplug CPUs
"
"03.07.2021 23:04:28",php-linux,kernel,"[    0.093030] PM: hibernation: Registered nosave memory: [mem 0x00000000-0x00000fff]
"
"03.07.2021 23:04:28",php-linux,kernel,"[    0.093031] PM: hibernation: Registered nosave memory: [mem 0x0009f000-0x0009ffff]
"
"03.07.2021 23:04:28",php-linux,kernel,"[    0.093032] PM: hibernation: Registered nosave memory: [mem 0x000a0000-0x000effff]
"
"03.07.2021 23:04:28",php-linux,kernel,"[    0.093033] PM: hibernation: Registered nosave memory: [mem 0x000f0000-0x000fffff]
"
"03.07.2021 23:04:28",php-linux,systemd[1],"Mounting Mount unit for snapd, revision 11588...
"
"03.07.2021 23:04:28",php-linux,kernel,"[    0.093034] PM: hibernation: Registered nosave memory: [mem 0xdfff0000-0xdfffffff]
"
"03.07.2021 23:04:28",php-linux,kernel,"[    0.093035] PM: hibernation: Registered nosave memory: [mem 0xe0000000-0xfebfffff]
"
"03.07.2021 23:04:28",php-linux,kernel,"[    0.093036] PM: hibernation: Registered nosave memory: [mem 0xfec00000-0xfec00fff]
"
"03.07.2021 23:04:28",php-linux,kernel,"[    0.093036] PM: hibernation: Registered nosave memory: [mem 0xfec01000-0xfedfffff]
"
"03.07.2021 23:04:28",php-linux,systemd[1],"Starting Rule-based Manager for Device Events and Files...
"
"03.07.2021 23:04:28",php-linux,kernel,"[    0.093037] PM: hibernation: Registered nosave memory: [mem 0xfee00000-0xfee00fff]
"
"03.07.2021 23:04:28",php-linux,kernel,"[    0.093037] PM: hibernation: Registered nosave memory: [mem 0xfee01000-0xfffbffff]
"
"03.07.2021 23:04:28",php-linux,kernel,"[    0.093038] PM: hibernation: Registered nosave memory: [mem 0xfffc0000-0xffffffff]
"
"03.07.2021 23:04:28",php-linux,kernel,"[    0.093039] [mem 0xe0000000-0xfebfffff] available for PCI devices
"
"03.07.2021 23:04:28",php-linux,kernel,"[    0.093040] Booting paravirtualized kernel on KVM
"
"03.07.2021 23:04:28",php-linux,kernel,"[    0.093042] clocksource: refined-jiffies: mask: 0xffffffff max_cycles: 0xffffffff, max_idle_ns: 7645519600211568 ns
"
"03.07.2021 23:04:28",php-linux,systemd-modules-load[272],"Inserted module 'vmwgfx'
"
"03.07.2021 23:04:28",php-linux,kernel,"[    0.093048] setup_percpu: NR_CPUS:8192 nr_cpumask_bits:6 nr_cpu_ids:6 nr_node_ids:1
"
"03.07.2021 23:04:28",php-linux,kernel,"[    0.093269] percpu: Embedded 56 pages/cpu s192512 r8192 d28672 u262144
"
"03.07.2021 23:04:28",php-linux,kernel,"[    0.093273] pcpu-alloc: s192512 r8192 d28672 u262144 alloc=1*2097152
"
"03.07.2021 23:04:28",php-linux,systemd[1],"Finished Load Kernel Modules.
"
"03.07.2021 23:04:28",php-linux,systemd[1],"Starting Apply Kernel Variables...
"
"03.07.2021 23:04:28",php-linux,systemd-sysctl[309],"Not setting net/ipv4/conf/all/promote_secondaries (explicit setting exists).
"
"03.07.2021 23:04:28",php-linux,systemd-sysctl[309],"Not setting net/ipv4/conf/default/promote_secondaries (explicit setting exists).
"
"03.07.2021 23:04:28",php-linux,systemd[1],"Finished Apply Kernel Variables.
"
"03.07.2021 23:04:28",php-linux,systemd[1],"Started Rule-based Manager for Device Events and Files.
"
"03.07.2021 23:04:28",php-linux,systemd[1],"Starting Show Plymouth Boot Screen...
"
"03.07.2021 23:04:28",php-linux,systemd[1],"Received SIGRTMIN+20 from PID 330 (plymouthd).
"
"03.07.2021 23:04:28",php-linux,systemd[1],"Started Show Plymouth Boot Screen.
"
"03.07.2021 23:04:28",php-linux,systemd[1],"Condition check resulted in Dispatch Password Requests to Console Directory Watch being skipped.
"
"03.07.2021 23:04:28",php-linux,systemd[1],"Started Forward Password Requests to Plymouth Directory Watch.
"
"03.07.2021 23:04:28",php-linux,systemd[1],"Reached target Local Encrypted Volumes.
"
"03.07.2021 23:04:28",php-linux,systemd[1],"Mounted Mount unit for snap-store, revision 518.
"
"03.07.2021 23:04:28",php-linux,systemd[1],"Mounted Mount unit for gnome-3-34-1804, revision 66.
"
"03.07.2021 23:04:28",php-linux,kernel,"[    0.093275] pcpu-alloc: [0] 0 1 2 3 4 5 - - 
"
"03.07.2021 23:04:28",php-linux,systemd[1],"Mounted Mount unit for core18, revision 1997.
"
"03.07.2021 23:04:28",php-linux,kernel,"[    0.093297] kvm-guest: PV spinlocks enabled
"
"03.07.2021 23:04:28",php-linux,kernel,"[    0.093298] PV qspinlock hash table entries: 256 (order: 0, 4096 bytes, linear)
"
"03.07.2021 23:04:28",php-linux,kernel,"[    0.093305] Built 1 zonelists, mobility grouping on.  Total pages: 4128633
"
"03.07.2021 23:04:28",php-linux,kernel,"[    0.093306] Policy zone: Normal
"
"03.07.2021 23:04:28",php-linux,systemd-udevd[343],"Using default interface naming scheme 'v247'.
"
"03.07.2021 23:04:28",php-linux,kernel,"[    0.093307] Kernel command line: BOOT_IMAGE=/boot/vmlinuz-5.11.0-22-generic root=UUID=5a08d67c-412e-4901-80c2-c7d06745ed70 ro quiet splash
"
"03.07.2021 23:04:28",php-linux,kernel,"[    0.094534] Dentry cache hash table entries: 2097152 (order: 12, 16777216 bytes, linear)
"
"03.07.2021 23:04:28",php-linux,kernel,"[    0.095100] Inode-cache hash table entries: 1048576 (order: 11, 8388608 bytes, linear)
"
"03.07.2021 23:04:28",php-linux,kernel,"[    0.095135] mem auto-init: stack:off, heap alloc:on, heap free:off
"
"03.07.2021 23:04:28",php-linux,systemd-udevd[343],"ethtool: autonegotiation is unset or enabled, the speed and duplex are not writable.
"
"03.07.2021 23:04:28",php-linux,kernel,"[    0.123209] Memory: 16321908K/16776760K available (16393K kernel code, 3477K rwdata, 10156K rodata, 2692K init, 5968K bss, 454592K reserved, 0K cma-reserved)
"
"03.07.2021 23:04:28",php-linux,kernel,"[    0.123216] random: get_random_u64 called from kmem_cache_open+0x23/0x230 with crng_init=0
"
"03.07.2021 23:04:28",php-linux,kernel,"[    0.123308] SLUB: HWalign=64, Order=0-3, MinObjects=0, CPUs=6, Nodes=1
"
"03.07.2021 23:04:28",php-linux,kernel,"[    0.123318] ftrace: allocating 51225 entries in 201 pages
"
"03.07.2021 23:04:28",php-linux,kernel,"[    0.137055] ftrace: allocated 201 pages with 4 groups
"
"03.07.2021 23:04:28",php-linux,mtp-probe,"checking bus 1, device 2: ""/sys/devices/pci0000:00/0000:00:06.0/usb1/1-1""
"
"03.07.2021 23:04:28",php-linux,kernel,"[    0.137131] rcu: Hierarchical RCU implementation.
"
"03.07.2021 23:04:28",php-linux,kernel,"[    0.137131] rcu: 	RCU restricting CPUs from NR_CPUS=8192 to nr_cpu_ids=6.
"
"03.07.2021 23:04:28",php-linux,systemd[1],"Mounted Mount unit for gtk-common-themes, revision 1514.
"
"03.07.2021 23:04:28",php-linux,kernel,"[    0.137132] 	Rude variant of Tasks RCU enabled.
"
"03.07.2021 23:04:28",php-linux,kernel,"[    0.137133] 	Tracing variant of Tasks RCU enabled.
"
"03.07.2021 23:04:28",php-linux,kernel,"[    0.137133] rcu: RCU calculated value of scheduler-enlistment delay is 25 jiffies.
"
"03.07.2021 23:04:28",php-linux,kernel,"[    0.137134] rcu: Adjusting geometry for rcu_fanout_leaf=16, nr_cpu_ids=6
"
"03.07.2021 23:04:28",php-linux,kernel,"[    0.139864] NR_IRQS: 524544, nr_irqs: 472, preallocated irqs: 16
"
"03.07.2021 23:04:28",php-linux,kernel,"[    0.140241] random: crng done (trusting CPU's manufacturer)
"
"03.07.2021 23:04:28",php-linux,mtp-probe,"bus: 1, device: 2 was not an MTP device
"
"03.07.2021 23:04:28",php-linux,kernel,"[    0.147430] Console: colour VGA+ 80x25
"
"03.07.2021 23:04:28",php-linux,kernel,"[    0.147439] printk: console [tty0] enabled
"
"03.07.2021 23:04:28",php-linux,kernel,"[    0.147455] ACPI: Core revision 20201113
"
"03.07.2021 23:04:28",php-linux,kernel,"[    0.147521] APIC: Switch to symmetric I/O mode setup
"
"03.07.2021 23:04:28",php-linux,kernel,"[    0.147720] x2apic enabled
"
"03.07.2021 23:04:28",php-linux,kernel,"[    0.147906] Switched APIC routing to physical x2apic.
"
"03.07.2021 23:04:28",php-linux,systemd[1],"Mounted Mount unit for snapd, revision 11588.
"
"03.07.2021 23:04:28",php-linux,kernel,"[    0.148834] ..TIMER: vector=0x30 apic1=0 pin1=2 apic2=-1 pin2=-1
"
"03.07.2021 23:04:28",php-linux,kernel,"[    0.148852] clocksource: tsc-early: mask: 0xffffffffffffffff max_cycles: 0x33cb701b428, max_idle_ns: 440795269020 ns
"
"03.07.2021 23:04:28",php-linux,kernel,"[    0.148856] Calibrating delay loop (skipped) preset value.. 7186.51 BogoMIPS (lpj=14373024)
"
"03.07.2021 23:04:28",php-linux,systemd[1],"Listening on Load/Save RF Kill Switch Status /dev/rfkill Watch.
"
"03.07.2021 23:04:28",php-linux,kernel,"[    0.148858] pid_max: default: 32768 minimum: 301
"
"03.07.2021 23:04:28",php-linux,kernel,"[    0.148876] LSM: Security Framework initializing
"
"03.07.2021 23:04:28",php-linux,kernel,"[    0.148882] Yama: becoming mindful.
"
"03.07.2021 23:04:28",php-linux,kernel,"[    0.148900] AppArmor: AppArmor initialized
"
"03.07.2021 23:04:28",php-linux,systemd-udevd[315],"ethtool: autonegotiation is unset or enabled, the speed and duplex are not writable.
"
"03.07.2021 23:04:28",php-linux,kernel,"[    0.148939] Mount-cache hash table entries: 32768 (order: 6, 262144 bytes, linear)
"
"03.07.2021 23:04:28",php-linux,kernel,"[    0.148958] Mountpoint-cache hash table entries: 32768 (order: 6, 262144 bytes, linear)
"
"03.07.2021 23:04:28",php-linux,kernel,"[    0.149200] Last level iTLB entries: 4KB 1024, 2MB 1024, 4MB 512
"
"03.07.2021 23:04:28",php-linux,kernel,"[    0.149201] Last level dTLB entries: 4KB 2048, 2MB 2048, 4MB 1024, 1GB 0
"
"03.07.2021 23:04:28",php-linux,systemd[1],"Found device VBOX_HARDDISK EFI\x20System\x20Partition.
"
"03.07.2021 23:04:28",php-linux,kernel,"[    0.149203] Spectre V1 : Mitigation: usercopy/swapgs barriers and __user pointer sanitization
"
"03.07.2021 23:04:28",php-linux,kernel,"[    0.149205] Spectre V2 : Mitigation: Full AMD retpoline
"
"03.07.2021 23:04:28",php-linux,kernel,"[    0.149205] Spectre V2 : Spectre v2 / SpectreRSB mitigation: Filling RSB on context switch
"
"03.07.2021 23:04:28",php-linux,kernel,"[    0.149206] Speculative Store Bypass: Mitigation: Speculative Store Bypass disabled via prctl and seccomp
"
"03.07.2021 23:04:28",php-linux,systemd[1],"Starting File System Check on /dev/disk/by-uuid/EA2B-F3EE...
"
"03.07.2021 23:04:28",php-linux,kernel,"[    0.149358] Freeing SMP alternatives memory: 40K
"
"03.07.2021 23:04:28",php-linux,kernel,"[    0.259565] APIC calibration not consistent with PM-Timer: 102ms instead of 100ms
"
"03.07.2021 23:04:28",php-linux,kernel,"[    0.259567] APIC delta adjusted to PM-Timer: 6285161 (6436797)
"
"03.07.2021 23:04:28",php-linux,kernel,"[    0.259608] smpboot: CPU0: AMD Ryzen 5 3600X 6-Core Processor (family: 0x17, model: 0x71, stepping: 0x0)
"
"03.07.2021 23:04:28",php-linux,kernel,"[    0.259716] Performance Events: PMU not available due to virtualization, using software events only.
"
"03.07.2021 23:04:28",php-linux,systemd[1],"Started File System Check Daemon to report status.
"
"03.07.2021 23:04:28",php-linux,kernel,"[    0.259745] rcu: Hierarchical SRCU implementation.
"
"03.07.2021 23:04:28",php-linux,kernel,"[    0.260059] NMI watchdog: Perf NMI watchdog permanently disabled
"
"03.07.2021 23:04:28",php-linux,kernel,"[    0.260101] smp: Bringing up secondary CPUs ...
"
"03.07.2021 23:04:28",php-linux,kernel,"[    0.260158] x86: Booting SMP configuration:
"
"03.07.2021 23:04:28",php-linux,kernel,"[    0.260159] .... node  #0, CPUs:      #1
"
"03.07.2021 23:04:28",php-linux,kernel,"[    0.012694] kvm-clock: cpu 1, msr b0c01041, secondary cpu clock
"
"03.07.2021 23:04:28",php-linux,kernel,"[    0.260855]  #2
"
"03.07.2021 23:04:28",php-linux,systemd-fsck[504],"fsck.fat 4.2 (2021-01-31)
"
"03.07.2021 23:04:28",php-linux,kernel,"[    0.012694] kvm-clock: cpu 2, msr b0c01081, secondary cpu clock
"
"03.07.2021 23:04:28",php-linux,kernel,"[    0.260919]  #3
"
"03.07.2021 23:04:28",php-linux,kernel,"[    0.012694] kvm-clock: cpu 3, msr b0c010c1, secondary cpu clock
"
"03.07.2021 23:04:28",php-linux,kernel,"[    0.263164]  #4
"
"03.07.2021 23:04:28",php-linux,kernel,"[    0.012694] kvm-clock: cpu 4, msr b0c01101, secondary cpu clock
"
"03.07.2021 23:04:28",php-linux,kernel,"[    0.264929]  #5
"
"03.07.2021 23:04:28",php-linux,kernel,"[    0.012694] kvm-clock: cpu 5, msr b0c01141, secondary cpu clock
"
"03.07.2021 23:04:28",php-linux,kernel,"[    0.268863] smp: Brought up 1 node, 6 CPUs
"
"03.07.2021 23:04:28",php-linux,kernel,"[    0.268865] smpboot: Max logical packages: 1
"
"03.07.2021 23:04:28",php-linux,systemd-fsck[504],"There are differences between boot sector and its backup.
"
"03.07.2021 23:04:28",php-linux,kernel,"[    0.268866] smpboot: Total of 6 processors activated (43119.07 BogoMIPS)
"
"03.07.2021 23:04:28",php-linux,kernel,"[    0.269333] devtmpfs: initialized
"
"03.07.2021 23:04:28",php-linux,kernel,"[    0.269333] x86/mm: Memory block size: 128MB
"
"03.07.2021 23:04:28",php-linux,systemd-fsck[504],"This is mostly harmless. Differences: (offset:original/backup)
"
"03.07.2021 23:04:28",php-linux,kernel,"[    0.269629] clocksource: jiffies: mask: 0xffffffff max_cycles: 0xffffffff, max_idle_ns: 7645041785100000 ns
"
"03.07.2021 23:04:28",php-linux,kernel,"[    0.269629] futex hash table entries: 2048 (order: 5, 131072 bytes, linear)
"
"03.07.2021 23:04:28",php-linux,kernel,"[    0.269629] pinctrl core: initialized pinctrl subsystem
"
"03.07.2021 23:04:28",php-linux,kernel,"[    0.269629] PM: RTC time: 21:04:14, date: 2021-07-03
"
"03.07.2021 23:04:28",php-linux,systemd-fsck[504],"  65:01/00
"
"03.07.2021 23:04:28",php-linux,kernel,"[    0.269629] NET: Registered protocol family 16
"
"03.07.2021 23:04:28",php-linux,kernel,"[    0.269629] DMA: preallocated 2048 KiB GFP_KERNEL pool for atomic allocations
"
"03.07.2021 23:04:28",php-linux,kernel,"[    0.269629] DMA: preallocated 2048 KiB GFP_KERNEL|GFP_DMA pool for atomic allocations
"
"03.07.2021 23:04:28",php-linux,systemd-fsck[504],"  Not automatically fixing this.
"
"03.07.2021 23:04:28",php-linux,kernel,"[    0.269629] DMA: preallocated 2048 KiB GFP_KERNEL|GFP_DMA32 pool for atomic allocations
"
"03.07.2021 23:04:28",php-linux,kernel,"[    0.269629] audit: initializing netlink subsys (disabled)
"
"03.07.2021 23:04:28",php-linux,kernel,"[    0.269629] audit: type=2000 audit(1625346258.356:1): state=initialized audit_enabled=0 res=1
"
"03.07.2021 23:04:28",php-linux,kernel,"[    0.269629] thermal_sys: Registered thermal governor 'fair_share'
"
"03.07.2021 23:04:28",php-linux,kernel,"[    0.269629] thermal_sys: Registered thermal governor 'bang_bang'
"
"03.07.2021 23:04:28",php-linux,systemd-fsck[504],"Dirty bit is set. Fs was not properly unmounted and some data may be corrupt.
"
"03.07.2021 23:04:28",php-linux,kernel,"[    0.269629] thermal_sys: Registered thermal governor 'step_wise'
"
"03.07.2021 23:04:28",php-linux,kernel,"[    0.269629] thermal_sys: Registered thermal governor 'user_space'
"
"03.07.2021 23:04:28",php-linux,systemd-fsck[504]," Automatically removing dirty bit.
"
"03.07.2021 23:04:28",php-linux,kernel,"[    0.269629] thermal_sys: Registered thermal governor 'power_allocator'
"
"03.07.2021 23:04:28",php-linux,kernel,"[    0.269629] EISA bus registered
"
"03.07.2021 23:04:28",php-linux,kernel,"[    0.269629] cpuidle: using governor ladder
"
"03.07.2021 23:04:28",php-linux,kernel,"[    0.269629] cpuidle: using governor menu
"
"03.07.2021 23:04:28",php-linux,kernel,"[    0.269629] ACPI: bus type PCI registered
"
"03.07.2021 23:04:28",php-linux,kernel,"[    0.269629] acpiphp: ACPI Hot Plug PCI Controller Driver version: 0.5
"
"03.07.2021 23:04:28",php-linux,kernel,"[    0.269629] PCI: Using configuration type 1 for base access
"
"03.07.2021 23:04:28",php-linux,kernel,"[    0.269629] PCI: Using configuration type 1 for extended access
"
"03.07.2021 23:04:28",php-linux,systemd-fsck[504],"*** Filesystem was changed ***
"
"03.07.2021 23:04:28",php-linux,kernel,"[    0.270045] Kprobes globally optimized
"
"03.07.2021 23:04:28",php-linux,kernel,"[    0.270053] HugeTLB registered 2.00 MiB page size, pre-allocated 0 pages
"
"03.07.2021 23:04:28",php-linux,systemd-fsck[504],"Writing changes.
"
"03.07.2021 23:04:28",php-linux,systemd-fsck[504],"/dev/sda2: 11 files, 1335/131063 clusters
"
"03.07.2021 23:04:28",php-linux,kernel,"[    0.272922] ACPI: Added _OSI(Module Device)
"
"03.07.2021 23:04:28",php-linux,kernel,"[    0.272923] ACPI: Added _OSI(Processor Device)
"
"03.07.2021 23:04:28",php-linux,kernel,"[    0.272923] ACPI: Added _OSI(3.0 _SCP Extensions)
"
"03.07.2021 23:04:28",php-linux,kernel,"[    0.272924] ACPI: Added _OSI(Processor Aggregator Device)
"
"03.07.2021 23:04:28",php-linux,kernel,"[    0.272925] ACPI: Added _OSI(Linux-Dell-Video)
"
"03.07.2021 23:04:28",php-linux,kernel,"[    0.272926] ACPI: Added _OSI(Linux-Lenovo-NV-HDMI-Audio)
"
"03.07.2021 23:04:28",php-linux,kernel,"[    0.272927] ACPI: Added _OSI(Linux-HPI-Hybrid-Graphics)
"
"03.07.2021 23:04:28",php-linux,systemd[1],"Finished File System Check on /dev/disk/by-uuid/EA2B-F3EE.
"
"03.07.2021 23:04:28",php-linux,kernel,"[    0.274665] ACPI: 2 ACPI AML tables successfully acquired and loaded
"
"03.07.2021 23:04:28",php-linux,kernel,"[    0.275936] ACPI: Interpreter enabled
"
"03.07.2021 23:04:28",php-linux,kernel,"[    0.275944] ACPI: (supports S0 S5)
"
"03.07.2021 23:04:28",php-linux,kernel,"[    0.275945] ACPI: Using IOAPIC for interrupt routing
"
"03.07.2021 23:04:28",php-linux,systemd[1],"Mounting /boot/efi...
"
"03.07.2021 23:04:28",php-linux,kernel,"[    0.276937] PCI: Using host bridge windows from ACPI; if necessary, use ""pci=nocrs"" and report a bug
"
"03.07.2021 23:04:28",php-linux,kernel,"[    0.277028] ACPI: Enabled 2 GPEs in block 00 to 07
"
"03.07.2021 23:04:28",php-linux,kernel,"[    0.280855] ACPI: PCI Root Bridge [PCI0] (domain 0000 [bus 00-ff])
"
"03.07.2021 23:04:28",php-linux,kernel,"[    0.280855] acpi PNP0A03:00: _OSC: OS supports [ExtendedConfig ASPM ClockPM Segments MSI HPX-Type3]
"
"03.07.2021 23:04:28",php-linux,systemd[1],"Mounted /boot/efi.
"
"03.07.2021 23:04:28",php-linux,kernel,"[    0.280855] acpi PNP0A03:00: _OSC: platform does not support [PCIeCapability LTR]
"
"03.07.2021 23:04:28",php-linux,kernel,"[    0.280855] acpi PNP0A03:00: _OSC: not requesting control; platform does not support [PCIeCapability]
"
"03.07.2021 23:04:28",php-linux,kernel,"[    0.280855] acpi PNP0A03:00: _OSC: OS requested [PCIeHotplug SHPCHotplug PME AER PCIeCapability LTR]
"
"03.07.2021 23:04:28",php-linux,kernel,"[    0.280855] acpi PNP0A03:00: _OSC: platform willing to grant [PCIeHotplug SHPCHotplug PME AER]
"
"03.07.2021 23:04:28",php-linux,kernel,"[    0.280855] acpi PNP0A03:00: _OSC failed (AE_SUPPORT); disabling ASPM
"
"03.07.2021 23:04:28",php-linux,systemd[1],"Reached target Local File Systems.
"
"03.07.2021 23:04:28",php-linux,kernel,"[    0.280855] PCI host bridge to bus 0000:00
"
"03.07.2021 23:04:28",php-linux,kernel,"[    0.280855] pci_bus 0000:00: root bus resource [io  0x0000-0x0cf7 window]
"
"03.07.2021 23:04:28",php-linux,kernel,"[    0.280855] pci_bus 0000:00: root bus resource [io  0x0d00-0xffff window]
"
"03.07.2021 23:04:28",php-linux,kernel,"[    0.280855] pci_bus 0000:00: root bus resource [mem 0x000a0000-0x000bffff window]
"
"03.07.2021 23:04:28",php-linux,systemd[1],"Starting Load AppArmor profiles...
"
"03.07.2021 23:04:28",php-linux,systemd[1],"Starting Set console font and keymap...
"
"03.07.2021 23:04:28",php-linux,systemd[1],"Starting Tell Plymouth To Write Out Runtime Data...
"
"03.07.2021 23:04:28",php-linux,systemd[1],"Condition check resulted in Store a System Token in an EFI Variable being skipped.
"
"03.07.2021 23:04:28",php-linux,systemd[1],"Starting Commit a transient machine-id on disk...
"
"03.07.2021 23:04:28",php-linux,systemd[1],"Starting Create Volatile Files and Directories...
"
"03.07.2021 23:04:28",php-linux,systemd[1],"Finished Set console font and keymap.
"
"03.07.2021 23:04:28",php-linux,apparmor.systemd[521],"Restarting AppArmor
"
"03.07.2021 23:04:28",php-linux,apparmor.systemd[521],"Reloading AppArmor profiles
"
"03.07.2021 23:04:28",php-linux,systemd[1],"Received SIGRTMIN+20 from PID 330 (plymouthd).
"
"03.07.2021 23:04:28",php-linux,systemd[1],"Finished Tell Plymouth To Write Out Runtime Data.
"
"03.07.2021 23:04:28",php-linux,systemd[1],"Finished Create Volatile Files and Directories.
"
"03.07.2021 23:04:28",php-linux,apparmor.systemd[538],"Skipping profile in /etc/apparmor.d/disable: usr.sbin.rsyslogd
"
"03.07.2021 23:04:28",php-linux,systemd[1],"Starting Network Name Resolution...
"
"03.07.2021 23:04:28",php-linux,systemd[1],"Starting Network Time Synchronization...
"
"03.07.2021 23:04:28",php-linux,systemd[1],"Starting Update UTMP about System Boot/Shutdown...
"
"03.07.2021 23:04:28",php-linux,systemd[1],"etc-machine\x2did.mount: Succeeded.
"
"03.07.2021 23:04:28",php-linux,systemd[1],"Finished Commit a transient machine-id on disk.
"
"03.07.2021 23:04:28",php-linux,kernel,"[    0.280855] pci_bus 0000:00: root bus resource [mem 0xe0000000-0xfdffffff window]
"
"03.07.2021 23:04:28",php-linux,kernel,"[    0.280855] pci_bus 0000:00: root bus resource [bus 00-ff]
"
"03.07.2021 23:04:28",php-linux,systemd[1],"Finished Update UTMP about System Boot/Shutdown.
"
"03.07.2021 23:04:28",php-linux,kernel,"[    0.280855] pci 0000:00:00.0: [8086:1237] type 00 class 0x060000
"
"03.07.2021 23:04:28",php-linux,kernel,"[    0.280855] pci 0000:00:01.0: [8086:7000] type 00 class 0x060100
"
"03.07.2021 23:04:28",php-linux,kernel,"[    0.281203] pci 0000:00:01.1: [8086:7111] type 00 class 0x01018a
"
"03.07.2021 23:04:28",php-linux,kernel,"[    0.281475] pci 0000:00:01.1: reg 0x20: [io  0xd000-0xd00f]
"
"03.07.2021 23:04:28",php-linux,kernel,"[    0.281590] pci 0000:00:01.1: legacy IDE quirk: reg 0x10: [io  0x01f0-0x01f7]
"
"03.07.2021 23:04:28",php-linux,kernel,"[    0.281591] pci 0000:00:01.1: legacy IDE quirk: reg 0x14: [io  0x03f6]
"
"03.07.2021 23:04:28",php-linux,systemd[1],"Started Network Time Synchronization.
"
"03.07.2021 23:04:28",php-linux,kernel,"[    0.281592] pci 0000:00:01.1: legacy IDE quirk: reg 0x18: [io  0x0170-0x0177]
"
"03.07.2021 23:04:28",php-linux,systemd[1],"Reached target System Time Set.
"
"03.07.2021 23:04:28",php-linux,kernel,"[    0.281593] pci 0000:00:01.1: legacy IDE quirk: reg 0x1c: [io  0x0376]
"
"03.07.2021 23:04:28",php-linux,kernel,"[    0.282059] pci 0000:00:02.0: [15ad:0405] type 00 class 0x030000
"
"03.07.2021 23:04:28",php-linux,kernel,"[    0.284855] pci 0000:00:02.0: reg 0x10: [io  0xd010-0xd01f]
"
"03.07.2021 23:04:28",php-linux,kernel,"[    0.284855] pci 0000:00:02.0: reg 0x14: [mem 0xe0000000-0xe7ffffff pref]
"
"03.07.2021 23:04:28",php-linux,kernel,"[    0.285846] pci 0000:00:02.0: reg 0x18: [mem 0xf0000000-0xf01fffff]
"
"03.07.2021 23:04:28",php-linux,systemd[1],"Reached target System Time Synchronized.
"
"03.07.2021 23:04:28",php-linux,kernel,"[    0.293441] pci 0000:00:03.0: [8086:100e] type 00 class 0x020000
"
"03.07.2021 23:04:28",php-linux,kernel,"[    0.296855] pci 0000:00:03.0: reg 0x10: [mem 0xf0200000-0xf021ffff]
"
"03.07.2021 23:04:28",php-linux,systemd-resolved[543],"Positive Trust Anchors:
"
"03.07.2021 23:04:28",php-linux,kernel,"[    0.296909] pci 0000:00:03.0: reg 0x18: [io  0xd020-0xd027]
"
"03.07.2021 23:04:28",php-linux,kernel,"[    0.301585] pci 0000:00:04.0: [80ee:cafe] type 00 class 0x088000
"
"03.07.2021 23:04:28",php-linux,kernel,"[    0.304855] pci 0000:00:04.0: reg 0x10: [io  0xd040-0xd05f]
"
"03.07.2021 23:04:28",php-linux,kernel,"[    0.304855] pci 0000:00:04.0: reg 0x14: [mem 0xf0400000-0xf07fffff]
"
"03.07.2021 23:04:28",php-linux,systemd-resolved[543],". IN DS 20326 8 2 e06d44b80b8f1d39a95c0b0d7c65d08458e880409bbc683457104237c7f8ec8d
"
"03.07.2021 23:04:28",php-linux,kernel,"[    0.304909] pci 0000:00:04.0: reg 0x18: [mem 0xf0800000-0xf0803fff pref]
"
"03.07.2021 23:04:28",php-linux,kernel,"[    0.309429] pci 0000:00:05.0: [8086:2415] type 00 class 0x040100
"
"03.07.2021 23:04:28",php-linux,kernel,"[    0.309522] pci 0000:00:05.0: reg 0x10: [io  0xd100-0xd1ff]
"
"03.07.2021 23:04:28",php-linux,kernel,"[    0.309568] pci 0000:00:05.0: reg 0x14: [io  0xd200-0xd23f]
"
"03.07.2021 23:04:28",php-linux,kernel,"[    0.310266] pci 0000:00:06.0: [106b:003f] type 00 class 0x0c0310
"
"03.07.2021 23:04:28",php-linux,kernel,"[    0.312855] pci 0000:00:06.0: reg 0x10: [mem 0xf0804000-0xf0804fff]
"
"03.07.2021 23:04:28",php-linux,kernel,"[    0.320855] pci 0000:00:07.0: [8086:7113] type 00 class 0x068000
"
"03.07.2021 23:04:28",php-linux,systemd-resolved[543],"Negative trust anchors: 10.in-addr.arpa 16.172.in-addr.arpa 17.172.in-addr.arpa 18.172.in-addr.arpa 19.172.in-addr.arpa 20.172.in-addr.arpa 21.172.in-addr.arpa 22.172.in-addr.arpa 23.172.in-addr.arpa 24.172.in-addr.arpa 25.172.in-addr.arpa 26.172.in-addr.arpa 27.172.in-addr.arpa 28.172.in-addr.arpa 29.172.in-addr.arpa 30.172.in-addr.arpa 31.172.in-addr.arpa 168.192.in-addr.arpa d.f.ip6.arpa corp home internal intranet lan local private test
"
"03.07.2021 23:04:28",php-linux,kernel,"[    0.320855] pci 0000:00:07.0: quirk: [io  0x4000-0x403f] claimed by PIIX4 ACPI
"
"03.07.2021 23:04:28",php-linux,kernel,"[    0.320855] pci 0000:00:07.0: quirk: [io  0x4100-0x410f] claimed by PIIX4 SMB
"
"03.07.2021 23:04:28",php-linux,kernel,"[    0.320855] pci 0000:00:0d.0: [8086:2829] type 00 class 0x010601
"
"03.07.2021 23:04:28",php-linux,kernel,"[    0.320900] pci 0000:00:0d.0: reg 0x10: [io  0xd240-0xd247]
"
"03.07.2021 23:04:28",php-linux,kernel,"[    0.324855] pci 0000:00:0d.0: reg 0x14: [io  0xd248-0xd24b]
"
"03.07.2021 23:04:28",php-linux,apparmor.systemd[550],"Skipping profile in /etc/apparmor.d/disable: usr.bin.firefox
"
"03.07.2021 23:04:28",php-linux,kernel,"[    0.324855] pci 0000:00:0d.0: reg 0x18: [io  0xd250-0xd257]
"
"03.07.2021 23:04:28",php-linux,systemd-resolved[543],"Using system hostname 'php-linux'.
"
"03.07.2021 23:04:28",php-linux,kernel,"[    0.324855] pci 0000:00:0d.0: reg 0x1c: [io  0xd258-0xd25b]
"
"03.07.2021 23:04:28",php-linux,kernel,"[    0.324915] pci 0000:00:0d.0: reg 0x20: [io  0xd260-0xd26f]
"
"03.07.2021 23:04:28",php-linux,kernel,"[    0.328855] pci 0000:00:0d.0: reg 0x24: [mem 0xf0806000-0xf0807fff]
"
"03.07.2021 23:04:28",php-linux,kernel,"[    0.333958] ACPI: PCI Interrupt Link [LNKA] (IRQs 5 9 10 *11)
"
"03.07.2021 23:04:28",php-linux,kernel,"[    0.334199] ACPI: PCI Interrupt Link [LNKB] (IRQs 5 9 *10 11)
"
"03.07.2021 23:04:28",php-linux,systemd[1],"Started Network Name Resolution.
"
"03.07.2021 23:04:28",php-linux,kernel,"[    0.334279] ACPI: PCI Interrupt Link [LNKC] (IRQs 5 *9 10 11)
"
"03.07.2021 23:04:28",php-linux,kernel,"[    0.334359] ACPI: PCI Interrupt Link [LNKD] (IRQs 5 9 10 *11)
"
"03.07.2021 23:04:28",php-linux,systemd[1],"Reached target Host and Network Name Lookups.
"
"03.07.2021 23:04:28",php-linux,kernel,"[    0.334484] iommu: Default domain type: Translated 
"
"03.07.2021 23:04:28",php-linux,kernel,"[    0.334484] SCSI subsystem initialized
"
"03.07.2021 23:04:28",php-linux,kernel,"[    0.334484] libata version 3.00 loaded.
"
"03.07.2021 23:04:28",php-linux,kernel,"[    0.334484] pci 0000:00:02.0: vgaarb: setting as boot VGA device
"
"03.07.2021 23:04:28",php-linux,kernel,"[    0.334484] pci 0000:00:02.0: vgaarb: VGA device added: decodes=io+mem,owns=io+mem,locks=none
"
"03.07.2021 23:04:28",php-linux,kernel,"[    0.334484] pci 0000:00:02.0: vgaarb: bridge control possible
"
"03.07.2021 23:04:28",php-linux,systemd[1],"Finished Load AppArmor profiles.
"
"03.07.2021 23:04:28",php-linux,kernel,"[    0.334484] vgaarb: loaded
"
"03.07.2021 23:04:28",php-linux,kernel,"[    0.334484] ACPI: bus type USB registered
"
"03.07.2021 23:04:28",php-linux,kernel,"[    0.334484] usbcore: registered new interface driver usbfs
"
"03.07.2021 23:04:28",php-linux,systemd[1],"Starting Load AppArmor profiles managed internally by snapd...
"
"03.07.2021 23:04:28",php-linux,kernel,"[    0.334484] usbcore: registered new interface driver hub
"
"03.07.2021 23:04:28",php-linux,kernel,"[    0.334484] usbcore: registered new device driver usb
"
"03.07.2021 23:04:28",php-linux,kernel,"[    0.334484] pps_core: LinuxPPS API ver. 1 registered
"
"03.07.2021 23:04:28",php-linux,systemd[1],"Condition check resulted in Authentication service for virtual machines hosted on VMware being skipped.
"
"03.07.2021 23:04:28",php-linux,kernel,"[    0.334484] pps_core: Software ver. 5.3.6 - Copyright 2005-2007 Rodolfo Giometti <giometti@linux.it>
"
"03.07.2021 23:04:28",php-linux,kernel,"[    0.334484] PTP clock support registered
"
"03.07.2021 23:04:28",php-linux,kernel,"[    0.334484] EDAC MC: Ver: 3.0.0
"
"03.07.2021 23:04:28",php-linux,systemd[1],"Condition check resulted in Service for virtual machines hosted on VMware being skipped.
"
"03.07.2021 23:04:28",php-linux,kernel,"[    0.334484] NetLabel: Initializing
"
"03.07.2021 23:04:28",php-linux,kernel,"[    0.334484] NetLabel:  domain hash size = 128
"
"03.07.2021 23:04:28",php-linux,kernel,"[    0.334484] NetLabel:  protocols = UNLABELED CIPSOv4 CALIPSO
"
"03.07.2021 23:04:28",php-linux,kernel,"[    0.334484] NetLabel:  unlabeled traffic allowed by default
"
"03.07.2021 23:04:28",php-linux,systemd-udevd[333],"controlC0: Process '/usr/sbin/alsactl -E HOME=/run/alsa -E XDG_RUNTIME_DIR=/run/alsa/runtime restore 0' failed with exit code 99.
"
"03.07.2021 23:04:28",php-linux,kernel,"[    0.334484] PCI: Using ACPI for IRQ routing
"
"03.07.2021 23:04:28",php-linux,kernel,"[    0.334484] PCI: pci_cache_line_size set to 64 bytes
"
"03.07.2021 23:04:28",php-linux,kernel,"[    0.334484] e820: reserve RAM buffer [mem 0x0009fc00-0x0009ffff]
"
"03.07.2021 23:04:28",php-linux,systemd[1],"Condition check resulted in Dispatch Password Requests to Console Directory Watch being skipped.
"
"03.07.2021 23:04:28",php-linux,kernel,"[    0.334484] e820: reserve RAM buffer [mem 0xdfff0000-0xdfffffff]
"
"03.07.2021 23:04:28",php-linux,kernel,"[    0.334484] clocksource: Switched to clocksource kvm-clock
"
"03.07.2021 23:04:28",php-linux,kernel,"[    0.340262] VFS: Disk quotas dquot_6.6.0
"
"03.07.2021 23:04:28",php-linux,systemd[1],"Condition check resulted in Set Up Additional Binary Formats being skipped.
"
"03.07.2021 23:04:28",php-linux,kernel,"[    0.340272] VFS: Dquot-cache hash table entries: 512 (order 0, 4096 bytes)
"
"03.07.2021 23:04:28",php-linux,kernel,"[    0.340355] AppArmor: AppArmor Filesystem Enabled
"
"03.07.2021 23:04:28",php-linux,kernel,"[    0.340370] pnp: PnP ACPI init
"
"03.07.2021 23:04:28",php-linux,kernel,"[    0.340418] pnp 00:00: Plug and Play ACPI device, IDs PNP0303 (active)
"
"03.07.2021 23:04:28",php-linux,kernel,"[    0.340490] pnp 00:01: Plug and Play ACPI device, IDs PNP0f03 (active)
"
"03.07.2021 23:04:28",php-linux,kernel,"[    0.341052] pnp: PnP ACPI: found 2 devices
"
"03.07.2021 23:04:28",php-linux,systemd[1],"Condition check resulted in Store a System Token in an EFI Variable being skipped.
"
"03.07.2021 23:04:28",php-linux,kernel,"[    0.348555] clocksource: acpi_pm: mask: 0xffffff max_cycles: 0xffffff, max_idle_ns: 2085701024 ns
"
"03.07.2021 23:04:28",php-linux,systemd[1],"Condition check resulted in Rebuild Hardware Database being skipped.
"
"03.07.2021 23:04:28",php-linux,kernel,"[    0.348603] NET: Registered protocol family 2
"
"03.07.2021 23:04:28",php-linux,kernel,"[    0.348748] IP idents hash table entries: 262144 (order: 9, 2097152 bytes, linear)
"
"03.07.2021 23:04:28",php-linux,kernel,"[    0.349882] tcp_listen_portaddr_hash hash table entries: 8192 (order: 5, 131072 bytes, linear)
"
"03.07.2021 23:04:28",php-linux,kernel,"[    0.349940] TCP established hash table entries: 131072 (order: 8, 1048576 bytes, linear)
"
"03.07.2021 23:04:28",php-linux,kernel,"[    0.350100] TCP bind hash table entries: 65536 (order: 8, 1048576 bytes, linear)
"
"03.07.2021 23:04:28",php-linux,systemd[1],"Condition check resulted in Platform Persistent Storage Archival being skipped.
"
"03.07.2021 23:04:28",php-linux,kernel,"[    0.350174] TCP: Hash tables configured (established 131072 bind 65536)
"
"03.07.2021 23:04:28",php-linux,systemd[1],"Finished Load AppArmor profiles managed internally by snapd.
"
"03.07.2021 23:04:28",php-linux,kernel,"[    0.350222] MPTCP token hash table entries: 16384 (order: 6, 393216 bytes, linear)
"
"03.07.2021 23:04:28",php-linux,kernel,"[    0.350259] UDP hash table entries: 8192 (order: 6, 262144 bytes, linear)
"
"03.07.2021 23:04:28",php-linux,kernel,"[    0.350291] UDP-Lite hash table entries: 8192 (order: 6, 262144 bytes, linear)
"
"03.07.2021 23:04:28",php-linux,kernel,"[    0.350344] NET: Registered protocol family 1
"
"03.07.2021 23:04:28",php-linux,kernel,"[    0.350348] NET: Registered protocol family 44
"
"03.07.2021 23:04:28",php-linux,systemd[1],"Reached target System Initialization.
"
"03.07.2021 23:04:28",php-linux,kernel,"[    0.350355] pci_bus 0000:00: resource 4 [io  0x0000-0x0cf7 window]
"
"03.07.2021 23:04:28",php-linux,kernel,"[    0.350357] pci_bus 0000:00: resource 5 [io  0x0d00-0xffff window]
"
"03.07.2021 23:04:28",php-linux,kernel,"[    0.350358] pci_bus 0000:00: resource 6 [mem 0x000a0000-0x000bffff window]
"
"03.07.2021 23:04:28",php-linux,kernel,"[    0.350359] pci_bus 0000:00: resource 7 [mem 0xe0000000-0xfdffffff window]
"
"03.07.2021 23:04:28",php-linux,systemd[1],"Started ACPI Events Check.
"
"03.07.2021 23:04:28",php-linux,kernel,"[    0.350386] pci 0000:00:00.0: Limiting direct PCI/PCI transfers
"
"03.07.2021 23:04:28",php-linux,kernel,"[    0.350395] pci 0000:00:01.0: Activating ISA DMA hang workarounds
"
"03.07.2021 23:04:28",php-linux,kernel,"[    0.350432] pci 0000:00:02.0: Video device with shadowed ROM at [mem 0x000c0000-0x000dffff]
"
"03.07.2021 23:04:28",php-linux,kernel,"[    0.351430] PCI: CLS 0 bytes, default 64
"
"03.07.2021 23:04:28",php-linux,systemd[1],"Condition check resulted in Process error reports when automatic reporting is enabled (file watch) being skipped.
"
"03.07.2021 23:04:28",php-linux,systemd[1],"Started CUPS Scheduler.
"
"03.07.2021 23:04:28",php-linux,kernel,"[    0.351459] Trying to unpack rootfs image as initramfs...
"
"03.07.2021 23:04:28",php-linux,kernel,"[    0.447431] Freeing initrd memory: 59248K
"
"03.07.2021 23:04:28",php-linux,kernel,"[    0.447431] PCI-DMA: Using software bounce buffering for IO (SWIOTLB)
"
"03.07.2021 23:04:28",php-linux,systemd[1],"Started Trigger anacron every hour.
"
"03.07.2021 23:04:28",php-linux,kernel,"[    0.447431] software IO TLB: mapped [mem 0x00000000dbff0000-0x00000000dfff0000] (64MB)
"
"03.07.2021 23:04:28",php-linux,kernel,"[    0.447431] clocksource: tsc: mask: 0xffffffffffffffff max_cycles: 0x33cb701b428, max_idle_ns: 440795269020 ns
"
"03.07.2021 23:04:28",php-linux,kernel,"[    0.449014] clocksource: Switched to clocksource tsc
"
"03.07.2021 23:04:28",php-linux,systemd[1],"Started Daily apt download activities.
"
"03.07.2021 23:04:28",php-linux,kernel,"[    0.449044] platform rtc_cmos: registered platform RTC device (no PNP device found)
"
"03.07.2021 23:04:28",php-linux,systemd[1],"Started Daily apt upgrade and clean activities.
"
"03.07.2021 23:04:28",php-linux,kernel,"[    0.449061] check: Scanning for low memory corruption every 60 seconds
"
"03.07.2021 23:04:28",php-linux,kernel,"[    0.449417] Initialise system trusted keyrings
"
"03.07.2021 23:04:28",php-linux,kernel,"[    0.449428] Key type blacklist registered
"
"03.07.2021 23:04:28",php-linux,kernel,"[    0.449520] workingset: timestamp_bits=36 max_order=22 bucket_order=0
"
"03.07.2021 23:04:28",php-linux,kernel,"[    0.450270] zbud: loaded
"
"03.07.2021 23:04:28",php-linux,systemd[1],"Started Periodic ext4 Online Metadata Check for All Filesystems.
"
"03.07.2021 23:04:28",php-linux,kernel,"[    0.450446] squashfs: version 4.0 (2009/01/31) Phillip Lougher
"
"03.07.2021 23:04:28",php-linux,kernel,"[    0.450611] fuse: init (API version 7.33)
"
"03.07.2021 23:04:28",php-linux,systemd[1],"Started Discard unused blocks once a week.
"
"03.07.2021 23:04:28",php-linux,kernel,"[    0.450839] integrity: Platform Keyring initialized
"
"03.07.2021 23:04:28",php-linux,kernel,"[    0.453803] Key type asymmetric registered
"
"03.07.2021 23:04:28",php-linux,kernel,"[    0.453805] Asymmetric key parser 'x509' registered
"
"03.07.2021 23:04:28",php-linux,kernel,"[    0.453813] Block layer SCSI generic (bsg) driver version 0.4 loaded (major 243)
"
"03.07.2021 23:04:28",php-linux,kernel,"[    0.453899] io scheduler mq-deadline registered
"
"03.07.2021 23:04:28",php-linux,systemd[1],"Started Refresh fwupd metadata regularly.
"
"03.07.2021 23:04:28",php-linux,kernel,"[    0.454183] shpchp: Standard Hot Plug PCI Controller Driver version: 0.4
"
"03.07.2021 23:04:28",php-linux,systemd[1],"Started Daily rotation of log files.
"
"03.07.2021 23:04:28",php-linux,kernel,"[    0.454311] ACPI: AC Adapter [AC] (on-line)
"
"03.07.2021 23:04:28",php-linux,kernel,"[    0.454341] input: Power Button as /devices/LNXSYSTM:00/LNXPWRBN:00/input/input0
"
"03.07.2021 23:04:28",php-linux,kernel,"[    0.454362] ACPI: Power Button [PWRF]
"
"03.07.2021 23:04:28",php-linux,kernel,"[    0.454409] input: Sleep Button as /devices/LNXSYSTM:00/LNXSLPBN:00/input/input1
"
"03.07.2021 23:04:28",php-linux,systemd[1],"Started Daily man-db regeneration.
"
"03.07.2021 23:04:28",php-linux,kernel,"[    0.454419] ACPI: Sleep Button [SLPF]
"
"03.07.2021 23:04:28",php-linux,kernel,"[    0.454763] Serial: 8250/16550 driver, 32 ports, IRQ sharing enabled
"
"03.07.2021 23:04:28",php-linux,systemd[1],"Started Message of the Day.
"
"03.07.2021 23:04:28",php-linux,kernel,"[    0.456651] Linux agpgart interface v0.103
"
"03.07.2021 23:04:28",php-linux,systemd[1],"Condition check resulted in Timer to automatically fetch and run repair assertions being skipped.
"
"03.07.2021 23:04:28",php-linux,systemd[1],"Started Daily Cleanup of Temporary Directories.
"
"03.07.2021 23:04:28",php-linux,systemd[1],"Reached target Paths.
"
"03.07.2021 23:04:28",php-linux,systemd[1],"Listening on ACPID Listen Socket.
"
"03.07.2021 23:04:28",php-linux,systemd[1],"Condition check resulted in Unix socket for apport crash forwarding being skipped.
"
"03.07.2021 23:04:28",php-linux,systemd[1],"Listening on Avahi mDNS/DNS-SD Stack Activation Socket.
"
"03.07.2021 23:04:28",php-linux,systemd[1],"Listening on CUPS Scheduler.
"
"03.07.2021 23:04:28",php-linux,systemd[1],"Starting Socket activation for snappy daemon.
"
"03.07.2021 23:04:28",php-linux,systemd[1],"Listening on UUID daemon activation socket.
"
"03.07.2021 23:04:28",php-linux,systemd[1],"Listening on Socket activation for snappy daemon.
"
"03.07.2021 23:04:28",php-linux,systemd[1],"Reached target Sockets.
"
"03.07.2021 23:04:28",php-linux,systemd[1],"Reached target Basic System.
"
"03.07.2021 23:04:28",php-linux,systemd[1],"Listening on D-Bus System Message Bus Socket.
"
"03.07.2021 23:04:28",php-linux,systemd[1],"Starting Accounts Service...
"
"03.07.2021 23:04:28",php-linux,systemd[1],"Started ACPI event daemon.
"
"03.07.2021 23:04:28",php-linux,systemd[1],"Started Run anacron jobs.
"
"03.07.2021 23:04:28",php-linux,systemd[1],"Starting LSB: automatic crash report generation...
"
"03.07.2021 23:04:28",php-linux,systemd[1],"Starting Avahi mDNS/DNS-SD Stack...
"
"03.07.2021 23:04:28",php-linux,anacron[575],"Anacron 2.3 started on 2021-07-03
"
"03.07.2021 23:04:28",php-linux,systemd[1],"Started Regular background program processing daemon.
"
"03.07.2021 23:04:28",php-linux,kernel,"[    0.458380] loop: module loaded
"
"03.07.2021 23:04:28",php-linux,kernel,"[    0.458521] ata_piix 0000:00:01.1: version 2.13
"
"03.07.2021 23:04:28",php-linux,kernel,"[    0.458911] scsi host0: ata_piix
"
"03.07.2021 23:04:28",php-linux,kernel,"[    0.459100] scsi host1: ata_piix
"
"03.07.2021 23:04:28",php-linux,anacron[575],"Will run job `cron.daily' in 5 min.
"
"03.07.2021 23:04:28",php-linux,kernel,"[    0.459119] ata1: PATA max UDMA/33 cmd 0x1f0 ctl 0x3f6 bmdma 0xd000 irq 14
"
"03.07.2021 23:04:28",php-linux,kernel,"[    0.459121] ata2: PATA max UDMA/33 cmd 0x170 ctl 0x376 bmdma 0xd008 irq 15
"
"03.07.2021 23:04:28",php-linux,kernel,"[    0.459211] libphy: Fixed MDIO Bus: probed
"
"03.07.2021 23:04:28",php-linux,kernel,"[    0.459212] tun: Universal TUN/TAP device driver, 1.6
"
"03.07.2021 23:04:28",php-linux,kernel,"[    0.459278] PPP generic driver version 2.4.2
"
"03.07.2021 23:04:28",php-linux,anacron[575],"Will run job `cron.weekly' in 10 min.
"
"03.07.2021 23:04:28",php-linux,kernel,"[    0.459367] VFIO - User Level meta-driver version: 0.3
"
"03.07.2021 23:04:28",php-linux,kernel,"[    0.459453] ehci_hcd: USB 2.0 'Enhanced' Host Controller (EHCI) Driver
"
"03.07.2021 23:04:28",php-linux,kernel,"[    0.459456] ehci-pci: EHCI PCI platform driver
"
"03.07.2021 23:04:28",php-linux,kernel,"[    0.459461] ehci-platform: EHCI generic platform driver
"
"03.07.2021 23:04:28",php-linux,kernel,"[    0.459465] ohci_hcd: USB 1.1 'Open' Host Controller (OHCI) Driver
"
"03.07.2021 23:04:28",php-linux,kernel,"[    0.459466] ohci-pci: OHCI PCI platform driver
"
"03.07.2021 23:04:28",php-linux,kernel,"[    0.459971] ohci-pci 0000:00:06.0: OHCI PCI host controller
"
"03.07.2021 23:04:28",php-linux,kernel,"[    0.459976] ohci-pci 0000:00:06.0: new USB bus registered, assigned bus number 1
"
"03.07.2021 23:04:28",php-linux,kernel,"[    0.460025] ohci-pci 0000:00:06.0: irq 22, io mem 0xf0804000
"
"03.07.2021 23:04:28",php-linux,kernel,"[    0.552190] usb usb1: New USB device found, idVendor=1d6b, idProduct=0001, bcdDevice= 5.11
"
"03.07.2021 23:04:28",php-linux,kernel,"[    0.552193] usb usb1: New USB device strings: Mfr=3, Product=2, SerialNumber=1
"
"03.07.2021 23:04:28",php-linux,kernel,"[    0.552194] usb usb1: Product: OHCI PCI host controller
"
"03.07.2021 23:04:28",php-linux,kernel,"[    0.552195] usb usb1: Manufacturer: Linux 5.11.0-22-generic ohci_hcd
"
"03.07.2021 23:04:28",php-linux,kernel,"[    0.552196] usb usb1: SerialNumber: 0000:00:06.0
"
"03.07.2021 23:04:28",php-linux,kernel,"[    0.552301] hub 1-0:1.0: USB hub found
"
"03.07.2021 23:04:28",php-linux,anacron[575],"Will run job `cron.monthly' in 15 min.
"
"03.07.2021 23:04:28",php-linux,kernel,"[    0.552312] hub 1-0:1.0: 12 ports detected
"
"03.07.2021 23:04:28",php-linux,kernel,"[    0.552547] ohci-platform: OHCI generic platform driver
"
"03.07.2021 23:04:28",php-linux,anacron[575],"Jobs will be executed sequentially
"
"03.07.2021 23:04:28",php-linux,kernel,"[    0.552553] uhci_hcd: USB Universal Host Controller Interface driver
"
"03.07.2021 23:04:28",php-linux,kernel,"[    0.552578] i8042: PNP: PS/2 Controller [PNP0303:PS2K,PNP0f03:PS2M] at 0x60,0x64 irq 1,12
"
"03.07.2021 23:04:28",php-linux,kernel,"[    0.553023] serio: i8042 KBD port at 0x60,0x64 irq 1
"
"03.07.2021 23:04:28",php-linux,kernel,"[    0.553027] serio: i8042 AUX port at 0x60,0x64 irq 12
"
"03.07.2021 23:04:28",php-linux,systemd[1],"Started D-Bus System Message Bus.
"
"03.07.2021 23:04:28",php-linux,kernel,"[    0.553152] mousedev: PS/2 mouse device common for all mice
"
"03.07.2021 23:04:28",php-linux,kernel,"[    0.553369] input: AT Translated Set 2 keyboard as /devices/platform/i8042/serio0/input/input2
"
"03.07.2021 23:04:28",php-linux,kernel,"[    0.553739] rtc_cmos rtc_cmos: registered as rtc0
"
"03.07.2021 23:04:28",php-linux,kernel,"[    0.553804] rtc_cmos rtc_cmos: setting system clock to 2021-07-03T21:04:14 UTC (1625346254)
"
"03.07.2021 23:04:28",php-linux,kernel,"[    0.553815] rtc_cmos rtc_cmos: alarms up to one day, 114 bytes nvram
"
"03.07.2021 23:04:28",php-linux,kernel,"[    0.553819] i2c /dev entries driver
"
"03.07.2021 23:04:28",php-linux,cron[578],"(CRON) INFO (pidfile fd = 3)
"
"03.07.2021 23:04:28",php-linux,kernel,"[    0.553845] device-mapper: uevent: version 1.0.3
"
"03.07.2021 23:04:28",php-linux,kernel,"[    0.553928] device-mapper: ioctl: 4.43.0-ioctl (2020-10-01) initialised: dm-devel@redhat.com
"
"03.07.2021 23:04:28",php-linux,kernel,"[    0.553944] platform eisa.0: Probing EISA bus 0
"
"03.07.2021 23:04:28",php-linux,kernel,"[    0.553946] platform eisa.0: EISA: Cannot allocate resource for mainboard
"
"03.07.2021 23:04:28",php-linux,kernel,"[    0.553947] platform eisa.0: Cannot allocate resource for EISA slot 1
"
"03.07.2021 23:04:28",php-linux,systemd[1],"Starting Network Manager...
"
"03.07.2021 23:04:28",php-linux,kernel,"[    0.553948] platform eisa.0: Cannot allocate resource for EISA slot 2
"
"03.07.2021 23:04:28",php-linux,kernel,"[    0.553949] platform eisa.0: Cannot allocate resource for EISA slot 3
"
"03.07.2021 23:04:28",php-linux,kernel,"[    0.553950] platform eisa.0: Cannot allocate resource for EISA slot 4
"
"03.07.2021 23:04:28",php-linux,systemd[1],"Started Save initial kernel messages after boot.
"
"03.07.2021 23:04:28",php-linux,kernel,"[    0.553950] platform eisa.0: Cannot allocate resource for EISA slot 5
"
"03.07.2021 23:04:28",php-linux,kernel,"[    0.553951] platform eisa.0: Cannot allocate resource for EISA slot 6
"
"03.07.2021 23:04:28",php-linux,kernel,"[    0.553952] platform eisa.0: Cannot allocate resource for EISA slot 7
"
"03.07.2021 23:04:28",php-linux,kernel,"[    0.553953] platform eisa.0: Cannot allocate resource for EISA slot 8
"
"03.07.2021 23:04:28",php-linux,kernel,"[    0.553954] platform eisa.0: EISA: Detected 0 cards
"
"03.07.2021 23:04:28",php-linux,systemd[1],"Starting Remove Stale Online ext4 Metadata Check Snapshots...
"
"03.07.2021 23:04:28",php-linux,kernel,"[    0.554119] ledtrig-cpu: registered to indicate activity on CPUs
"
"03.07.2021 23:04:28",php-linux,kernel,"[    0.554155] drop_monitor: Initializing network drop monitor service
"
"03.07.2021 23:04:28",php-linux,kernel,"[    0.554254] NET: Registered protocol family 10
"
"03.07.2021 23:04:28",php-linux,kernel,"[    0.558240] Segment Routing with IPv6
"
"03.07.2021 23:04:28",php-linux,kernel,"[    0.558255] NET: Registered protocol family 17
"
"03.07.2021 23:04:28",php-linux,cron[578],"(CRON) INFO (Running @reboot jobs)
"
"03.07.2021 23:04:28",php-linux,kernel,"[    0.558336] Key type dns_resolver registered
"
"03.07.2021 23:04:28",php-linux,kernel,"[    0.558750] IPI shorthand broadcast: enabled
"
"03.07.2021 23:04:28",php-linux,kernel,"[    0.558757] sched_clock: Marking stable (550013821, 8694643)->(699881967, -141173503)
"
"03.07.2021 23:04:28",php-linux,kernel,"[    0.558903] registered taskstats version 1
"
"03.07.2021 23:04:28",php-linux,kernel,"[    0.558914] Loading compiled-in X.509 certificates
"
"03.07.2021 23:04:28",php-linux,systemd[1],"Condition check resulted in getty on tty2-tty6 if dbus and logind are not available being skipped.
"
"03.07.2021 23:04:28",php-linux,kernel,"[    0.559520] Loaded X.509 cert 'Build time autogenerated kernel key: 579a8feb0279680adfbfd142c6c4e3d4f89223c8'
"
"03.07.2021 23:04:28",php-linux,kernel,"[    0.559914] Loaded X.509 cert 'Canonical Ltd. Live Patch Signing: 14df34d1a87cf37625abec039ef2bf521249b969'
"
"03.07.2021 23:04:28",php-linux,kernel,"[    0.560296] Loaded X.509 cert 'Canonical Ltd. Kernel Module Signing: 88f752e560a1e0737e31163a466ad7b70a850c19'
"
"03.07.2021 23:04:28",php-linux,kernel,"[    0.560430] zswap: loaded using pool lzo/zbud
"
"03.07.2021 23:04:28",php-linux,kernel,"[    0.560660] Key type ._fscrypt registered
"
"03.07.2021 23:04:28",php-linux,systemd[1],"Reached target Login Prompts.
"
"03.07.2021 23:04:28",php-linux,kernel,"[    0.560661] Key type .fscrypt registered
"
"03.07.2021 23:04:28",php-linux,kernel,"[    0.560662] Key type fscrypt-provisioning registered
"
"03.07.2021 23:04:28",php-linux,kernel,"[    0.562334] Key type encrypted registered
"
"03.07.2021 23:04:28",php-linux,kernel,"[    0.562337] AppArmor: AppArmor sha1 policy hashing enabled
"
"03.07.2021 23:04:28",php-linux,kernel,"[    0.562343] ima: No TPM chip found, activating TPM-bypass!
"
"03.07.2021 23:04:28",php-linux,kernel,"[    0.562347] ima: Allocated hash algorithm: sha1
"
"03.07.2021 23:04:28",php-linux,kernel,"[    0.562352] ima: No architecture policies found
"
"03.07.2021 23:04:28",php-linux,kernel,"[    0.562358] evm: Initialising EVM extended attributes:
"
"03.07.2021 23:04:28",php-linux,kernel,"[    0.562359] evm: security.selinux
"
"03.07.2021 23:04:28",php-linux,kernel,"[    0.562359] evm: security.SMACK64
"
"03.07.2021 23:04:28",php-linux,systemd[1],"Starting Detect the available GPUs and deal with any system changes...
"
"03.07.2021 23:04:28",php-linux,kernel,"[    0.562360] evm: security.SMACK64EXEC
"
"03.07.2021 23:04:28",php-linux,kernel,"[    0.562360] evm: security.SMACK64TRANSMUTE
"
"03.07.2021 23:04:28",php-linux,avahi-daemon[577],"Found user 'avahi' (UID 113) and group 'avahi' (GID 120).
"
"03.07.2021 23:04:28",php-linux,kernel,"[    0.562361] evm: security.SMACK64MMAP
"
"03.07.2021 23:04:28",php-linux,kernel,"[    0.562361] evm: security.apparmor
"
"03.07.2021 23:04:28",php-linux,kernel,"[    0.562362] evm: security.ima
"
"03.07.2021 23:04:28",php-linux,kernel,"[    0.562362] evm: security.capability
"
"03.07.2021 23:04:28",php-linux,kernel,"[    0.562363] evm: HMAC attrs: 0x1
"
"03.07.2021 23:04:28",php-linux,systemd[1],"Starting Record successful boot for GRUB...
"
"03.07.2021 23:04:28",php-linux,kernel,"[    0.562560] PM:   Magic number: 13:970:94
"
"03.07.2021 23:04:28",php-linux,kernel,"[    0.562815] RAS: Correctable Errors collector initialized.
"
"03.07.2021 23:04:28",php-linux,systemd[1],"Started irqbalance daemon.
"
"03.07.2021 23:04:28",php-linux,kernel,"[    0.629282] ata2.00: ATAPI: VBOX CD-ROM, 1.0, max UDMA/133
"
"03.07.2021 23:04:28",php-linux,kernel,"[    0.629928] scsi 1:0:0:0: CD-ROM            VBOX     CD-ROM           1.0  PQ: 0 ANSI: 5
"
"03.07.2021 23:04:28",php-linux,kernel,"[    0.933585] sr 1:0:0:0: [sr0] scsi3-mmc drive: 32x/32x xa/form2 tray
"
"03.07.2021 23:04:28",php-linux,kernel,"[    0.933588] cdrom: Uniform CD-ROM driver Revision: 3.20
"
"03.07.2021 23:04:28",php-linux,systemd[1],"Starting Dispatcher daemon for systemd-networkd...
"
"03.07.2021 23:04:28",php-linux,kernel,"[    0.962042] sr 1:0:0:0: Attached scsi CD-ROM sr0
"
"03.07.2021 23:04:28",php-linux,kernel,"[    0.962131] sr 1:0:0:0: Attached scsi generic sg0 type 5
"
"03.07.2021 23:04:28",php-linux,systemd[1],"Starting Authorization Manager...
"
"03.07.2021 23:04:28",php-linux,kernel,"[    0.963467] Freeing unused decrypted memory: 2036K
"
"03.07.2021 23:04:28",php-linux,kernel,"[    0.963751] Freeing unused kernel image (initmem) memory: 2692K
"
"03.07.2021 23:04:28",php-linux,kernel,"[    0.990153] Write protecting the kernel read-only data: 28672k
"
"03.07.2021 23:04:28",php-linux,kernel,"[    0.990631] Freeing unused kernel image (text/rodata gap) memory: 2036K
"
"03.07.2021 23:04:28",php-linux,kernel,"[    0.990730] Freeing unused kernel image (rodata/data gap) memory: 84K
"
"03.07.2021 23:04:28",php-linux,kernel,"[    1.018629] x86/mm: Checked W+X mappings: passed, no W+X pages found.
"
"03.07.2021 23:04:28",php-linux,kernel,"[    1.018636] Run /init as init process
"
"03.07.2021 23:04:28",php-linux,kernel,"[    1.018637]   with arguments:
"
"03.07.2021 23:04:28",php-linux,kernel,"[    1.018638]     /init
"
"03.07.2021 23:04:28",php-linux,kernel,"[    1.018638]     splash
"
"03.07.2021 23:04:28",php-linux,kernel,"[    1.018639]   with environment:
"
"03.07.2021 23:04:28",php-linux,systemd[1],"Starting Power Profiles daemon...
"
"03.07.2021 23:04:28",php-linux,systemd[1],"Starting Restore /etc/resolv.conf if the system crashed before the ppp link was shut down...
"
"03.07.2021 23:04:28",php-linux,systemd[1],"Starting System Logging Service...
"
"03.07.2021 23:04:28",php-linux,systemd[1],"Condition check resulted in Secure Boot updates for DB and DBX being skipped.
"
"03.07.2021 23:04:28",php-linux,systemd[1],"Condition check resulted in Automatically repair incorrect owner/permissions on core devices being skipped.
"
"03.07.2021 23:04:28",php-linux,systemd[1],"Condition check resulted in Wait for the Ubuntu Core chooser trigger being skipped.
"
"03.07.2021 23:04:28",php-linux,systemd[1],"Starting Snap Daemon...
"
"03.07.2021 23:04:28",php-linux,systemd[1],"Starting Switcheroo Control Proxy service...
"
"03.07.2021 23:04:28",php-linux,systemd[1],"Starting User Login Management...
"
"03.07.2021 23:04:28",php-linux,systemd[1],"Condition check resulted in Thermal Daemon Service being skipped.
"
"03.07.2021 23:04:28",php-linux,systemd[1],"Condition check resulted in Ubuntu Advantage reboot cmds being skipped.
"
"03.07.2021 23:04:28",php-linux,systemd[1],"Starting Disk Manager...
"
"03.07.2021 23:04:28",php-linux,systemd[1],"Starting WPA supplicant...
"
"03.07.2021 23:04:28",php-linux,systemd[1],"pppd-dns.service: Succeeded.
"
"03.07.2021 23:04:28",php-linux,systemd[1],"Finished Restore /etc/resolv.conf if the system crashed before the ppp link was shut down.
"
"03.07.2021 23:04:28",php-linux,avahi-daemon[577],"Successfully dropped root privileges.
"
"03.07.2021 23:04:28",php-linux,avahi-daemon[577],"avahi-daemon 0.8 starting up.
"
"03.07.2021 23:04:28",php-linux,systemd[1],"e2scrub_reap.service: Succeeded.
"
"03.07.2021 23:04:28",php-linux,systemd[1],"Finished Remove Stale Online ext4 Metadata Check Snapshots.
"
"03.07.2021 23:04:28",php-linux,sh[620],"grub-editenv: error: cannot read `/boot/grub/grubenv': No such file or directory.
"
"03.07.2021 23:04:28",php-linux,apport[576]," * Starting automatic crash report generation: apport
"
"03.07.2021 23:04:28",php-linux,systemd[1],"Started Record successful boot for GRUB.
"
"03.07.2021 23:04:28",php-linux,kernel,"[    1.018640]     HOME=/
"
"03.07.2021 23:04:28",php-linux,kernel,"[    1.018640]     TERM=linux
"
"03.07.2021 23:04:28",php-linux,kernel,"[    1.018641]     BOOT_IMAGE=/boot/vmlinuz-5.11.0-22-generic
"
"03.07.2021 23:04:28",php-linux,kernel,"[    1.065723] e1000: Intel(R) PRO/1000 Network Driver
"
"03.07.2021 23:04:28",php-linux,kernel,"[    1.065726] e1000: Copyright (c) 1999-2006 Intel Corporation.
"
"03.07.2021 23:04:28",php-linux,kernel,"[    1.066894] piix4_smbus 0000:00:07.0: SMBus Host Controller at 0x4100, revision 0
"
"03.07.2021 23:04:28",php-linux,kernel,"[    1.067292] ahci 0000:00:0d.0: version 3.0
"
"03.07.2021 23:04:28",php-linux,kernel,"[    1.067515] ACPI: Video Device [GFX0] (multi-head: yes  rom: no  post: no)
"
"03.07.2021 23:04:28",php-linux,kernel,"[    1.068379] ahci 0000:00:0d.0: SSS flag set, parallel bus scan disabled
"
"03.07.2021 23:04:28",php-linux,kernel,"[    1.068396] input: Video Bus as /devices/LNXSYSTM:00/LNXSYBUS:00/PNP0A03:00/LNXVIDEO:00/input/input5
"
"03.07.2021 23:04:28",php-linux,kernel,"[    1.068488] ahci 0000:00:0d.0: AHCI 0001.0100 32 slots 1 ports 3 Gbps 0x1 impl SATA mode
"
"03.07.2021 23:04:28",php-linux,kernel,"[    1.068490] ahci 0000:00:0d.0: flags: 64bit ncq stag only ccc 
"
"03.07.2021 23:04:28",php-linux,kernel,"[    1.069106] scsi host2: ahci
"
"03.07.2021 23:04:28",php-linux,kernel,"[    1.069151] ata3: SATA max UDMA/133 abar m8192@0xf0806000 port 0xf0806100 irq 21
"
"03.07.2021 23:04:28",php-linux,kernel,"[    1.147450] usb 1-1: new full-speed USB device number 2 using ohci-pci
"
"03.07.2021 23:04:28",php-linux,kernel,"[    1.273660] input: ImExPS/2 Generic Explorer Mouse as /devices/platform/i8042/serio1/input/input4
"
"03.07.2021 23:04:28",php-linux,kernel,"[    1.383702] ata3: SATA link up 3.0 Gbps (SStatus 123 SControl 300)
"
"03.07.2021 23:04:28",php-linux,kernel,"[    1.383772] ata3.00: ATA-8: VBOX HARDDISK, 1.0, max UDMA/133
"
"03.07.2021 23:04:28",php-linux,kernel,"[    1.383776] ata3.00: 32164592 sectors, multi 128: LBA48 NCQ (depth 32)
"
"03.07.2021 23:04:28",php-linux,kernel,"[    1.383853] ata3.00: ATA Identify Device Log not supported
"
"03.07.2021 23:04:28",php-linux,kernel,"[    1.383855] ata3.00: Security Log not supported
"
"03.07.2021 23:04:28",php-linux,kernel,"[    1.384006] ata3.00: ATA Identify Device Log not supported
"
"03.07.2021 23:04:28",php-linux,kernel,"[    1.384007] ata3.00: Security Log not supported
"
"03.07.2021 23:04:28",php-linux,kernel,"[    1.384009] ata3.00: configured for UDMA/133
"
"03.07.2021 23:04:28",php-linux,kernel,"[    1.384136] scsi 2:0:0:0: Direct-Access     ATA      VBOX HARDDISK    1.0  PQ: 0 ANSI: 5
"
"03.07.2021 23:04:28",php-linux,kernel,"[    1.384288] sd 2:0:0:0: [sda] 32164592 512-byte logical blocks: (16.5 GB/15.3 GiB)
"
"03.07.2021 23:04:28",php-linux,kernel,"[    1.384294] sd 2:0:0:0: [sda] Write Protect is off
"
"03.07.2021 23:04:28",php-linux,kernel,"[    1.384295] sd 2:0:0:0: [sda] Mode Sense: 00 3a 00 00
"
"03.07.2021 23:04:28",php-linux,kernel,"[    1.384299] sd 2:0:0:0: Attached scsi generic sg1 type 0
"
"03.07.2021 23:04:28",php-linux,kernel,"[    1.384302] sd 2:0:0:0: [sda] Write cache: enabled, read cache: enabled, doesn't support DPO or FUA
"
"03.07.2021 23:04:28",php-linux,kernel,"[    1.409319]  sda: sda1 sda2 sda3
"
"03.07.2021 23:04:28",php-linux,kernel,"[    1.409605] sd 2:0:0:0: [sda] Attached SCSI disk
"
"03.07.2021 23:04:28",php-linux,kernel,"[    1.422671] e1000 0000:00:03.0 eth0: (PCI:33MHz:32-bit) 08:00:27:fc:ef:65
"
"03.07.2021 23:04:28",php-linux,kernel,"[    1.422676] e1000 0000:00:03.0 eth0: Intel(R) PRO/1000 Network Connection
"
"03.07.2021 23:04:28",php-linux,kernel,"[    1.423565] e1000 0000:00:03.0 enp0s3: renamed from eth0
"
"03.07.2021 23:04:28",php-linux,kernel,"[    1.494071] usb 1-1: New USB device found, idVendor=80ee, idProduct=0021, bcdDevice= 1.00
"
"03.07.2021 23:04:28",php-linux,kernel,"[    1.494089] usb 1-1: New USB device strings: Mfr=1, Product=3, SerialNumber=0
"
"03.07.2021 23:04:28",php-linux,kernel,"[    1.494090] usb 1-1: Product: USB Tablet
"
"03.07.2021 23:04:28",php-linux,kernel,"[    1.494091] usb 1-1: Manufacturer: VirtualBox
"
"03.07.2021 23:04:28",php-linux,kernel,"[    1.502863] hid: raw HID events driver (C) Jiri Kosina
"
"03.07.2021 23:04:28",php-linux,kernel,"[    1.517567] usbcore: registered new interface driver usbhid
"
"03.07.2021 23:04:28",php-linux,kernel,"[    1.517569] usbhid: USB HID core driver
"
"03.07.2021 23:04:28",php-linux,kernel,"[    1.518965] input: VirtualBox USB Tablet as /devices/pci0000:00/0000:00:06.0/usb1/1-1/1-1:1.0/0003:80EE:0021.0001/input/input6
"
"03.07.2021 23:04:28",php-linux,kernel,"[    1.519091] hid-generic 0003:80EE:0021.0001: input,hidraw0: USB HID v1.10 Mouse [VirtualBox USB Tablet] on usb-0000:00:06.0-1/input0
"
"03.07.2021 23:04:28",php-linux,kernel,"[    1.553683] EXT4-fs (sda3): mounted filesystem with ordered data mode. Opts: (null). Quota mode: none.
"
"03.07.2021 23:04:28",php-linux,kernel,"[    1.632562] systemd[1]: Inserted module 'autofs4'
"
"03.07.2021 23:04:28",php-linux,kernel,"[    1.643026] systemd[1]: systemd 247.3-3ubuntu3 running in system mode. (+PAM +AUDIT +SELINUX +IMA +APPARMOR +SMACK +SYSVINIT +UTMP +LIBCRYPTSETUP +GCRYPT +GNUTLS +ACL +XZ +LZ4 +ZSTD +SECCOMP +BLKID +ELFUTILS +KMOD +IDN2 -IDN +PCRE2 default-hierarchy=hybrid)
"
"03.07.2021 23:04:28",php-linux,kernel,"[    1.643046] systemd[1]: Detected virtualization oracle.
"
"03.07.2021 23:04:28",php-linux,kernel,"[    1.643048] systemd[1]: Detected architecture x86-64.
"
"03.07.2021 23:04:28",php-linux,kernel,"[    1.670508] systemd[1]: Set hostname to <php-linux>.
"
"03.07.2021 23:04:28",php-linux,kernel,"[    1.672090] systemd[1]: Initializing machine ID from random generator.
"
"03.07.2021 23:04:28",php-linux,kernel,"[    1.672110] systemd[1]: Installed transient /etc/machine-id file.
"
"03.07.2021 23:04:28",php-linux,kernel,"[    1.729157] systemd[1]: /lib/systemd/system/plymouth-start.service:17: Unit configured to use KillMode=none. This is unsafe, as it disables systemd's process lifecycle management for the service. Please update your service to use a safer KillMode=, such as 'mixed' or 'control-group'. Support for KillMode=none is deprecated and will eventually be removed.
"
"03.07.2021 23:04:28",php-linux,kernel,"[    1.767737] systemd[1]: Queued start job for default target Graphical Interface.
"
"03.07.2021 23:04:28",php-linux,kernel,"[    1.771976] systemd[1]: Created slice system-modprobe.slice.
"
"03.07.2021 23:04:28",php-linux,kernel,"[    1.772159] systemd[1]: Created slice system-systemd\x2dfsck.slice.
"
"03.07.2021 23:04:28",php-linux,kernel,"[    1.772291] systemd[1]: Created slice User and Session Slice.
"
"03.07.2021 23:04:28",php-linux,kernel,"[    1.772334] systemd[1]: Started Forward Password Requests to Wall Directory Watch.
"
"03.07.2021 23:04:28",php-linux,kernel,"[    1.772429] systemd[1]: Set up automount Arbitrary Executable File Formats File System Automount Point.
"
"03.07.2021 23:04:28",php-linux,kernel,"[    1.772470] systemd[1]: Reached target User and Group Name Lookups.
"
"03.07.2021 23:04:28",php-linux,kernel,"[    1.772485] systemd[1]: Reached target Remote File Systems.
"
"03.07.2021 23:04:28",php-linux,kernel,"[    1.772493] systemd[1]: Reached target Slices.
"
"03.07.2021 23:04:28",php-linux,kernel,"[    1.772571] systemd[1]: Listening on Syslog Socket.
"
"03.07.2021 23:04:28",php-linux,kernel,"[    1.772617] systemd[1]: Listening on fsck to fsckd communication Socket.
"
"03.07.2021 23:04:28",php-linux,kernel,"[    1.772677] systemd[1]: Listening on initctl Compatibility Named Pipe.
"
"03.07.2021 23:04:28",php-linux,kernel,"[    1.772774] systemd[1]: Listening on Journal Audit Socket.
"
"03.07.2021 23:04:28",php-linux,kernel,"[    1.772822] systemd[1]: Listening on Journal Socket (/dev/log).
"
"03.07.2021 23:04:28",php-linux,kernel,"[    1.772875] systemd[1]: Listening on Journal Socket.
"
"03.07.2021 23:04:28",php-linux,kernel,"[    1.772939] systemd[1]: Listening on udev Control Socket.
"
"03.07.2021 23:04:28",php-linux,kernel,"[    1.772984] systemd[1]: Listening on udev Kernel Socket.
"
"03.07.2021 23:04:28",php-linux,kernel,"[    1.773539] systemd[1]: Mounting Huge Pages File System...
"
"03.07.2021 23:04:28",php-linux,kernel,"[    1.774061] systemd[1]: Mounting POSIX Message Queue File System...
"
"03.07.2021 23:04:28",php-linux,kernel,"[    1.774619] systemd[1]: Mounting Kernel Debug File System...
"
"03.07.2021 23:04:28",php-linux,kernel,"[    1.775166] systemd[1]: Mounting Kernel Trace File System...
"
"03.07.2021 23:04:28",php-linux,kernel,"[    1.776143] systemd[1]: Starting Journal Service...
"
"03.07.2021 23:04:28",php-linux,kernel,"[    1.777076] systemd[1]: Starting Set the console keyboard layout...
"
"03.07.2021 23:04:28",php-linux,kernel,"[    1.777962] systemd[1]: Starting Create list of static device nodes for the current kernel...
"
"03.07.2021 23:04:28",php-linux,kernel,"[    1.778660] systemd[1]: Starting Load Kernel Module configfs...
"
"03.07.2021 23:04:28",php-linux,kernel,"[    1.779261] systemd[1]: Starting Load Kernel Module drm...
"
"03.07.2021 23:04:28",php-linux,kernel,"[    1.779842] systemd[1]: Starting Load Kernel Module fuse...
"
"03.07.2021 23:04:28",php-linux,kernel,"[    1.780393] systemd[1]: Condition check resulted in Set Up Additional Binary Formats being skipped.
"
"03.07.2021 23:04:28",php-linux,kernel,"[    1.780432] systemd[1]: Condition check resulted in File System Check on Root Device being skipped.
"
"03.07.2021 23:04:28",php-linux,kernel,"[    1.782190] systemd[1]: Starting Load Kernel Modules...
"
"03.07.2021 23:04:28",php-linux,kernel,"[    1.782790] systemd[1]: Starting Remount Root and Kernel File Systems...
"
"03.07.2021 23:04:28",php-linux,kernel,"[    1.783475] systemd[1]: Starting Coldplug All udev Devices...
"
"03.07.2021 23:04:28",php-linux,kernel,"[    1.785770] systemd[1]: Starting Uncomplicated firewall...
"
"03.07.2021 23:04:28",php-linux,kernel,"[    1.787182] EXT4-fs (sda3): re-mounted. Opts: errors=remount-ro. Quota mode: none.
"
"03.07.2021 23:04:28",php-linux,kernel,"[    1.787910] systemd[1]: Mounted Huge Pages File System.
"
"03.07.2021 23:04:28",php-linux,kernel,"[    1.787963] systemd[1]: Mounted POSIX Message Queue File System.
"
"03.07.2021 23:04:28",php-linux,kernel,"[    1.788015] systemd[1]: Mounted Kernel Debug File System.
"
"03.07.2021 23:04:28",php-linux,kernel,"[    1.788065] systemd[1]: Mounted Kernel Trace File System.
"
"03.07.2021 23:04:28",php-linux,kernel,"[    1.788408] systemd[1]: Finished Create list of static device nodes for the current kernel.
"
"03.07.2021 23:04:28",php-linux,kernel,"[    1.788572] systemd[1]: modprobe@configfs.service: Succeeded.
"
"03.07.2021 23:04:28",php-linux,kernel,"[    1.789079] systemd[1]: Finished Load Kernel Module configfs.
"
"03.07.2021 23:04:28",php-linux,kernel,"[    1.789379] systemd[1]: modprobe@fuse.service: Succeeded.
"
"03.07.2021 23:04:28",php-linux,kernel,"[    1.789774] systemd[1]: Finished Load Kernel Module fuse.
"
"03.07.2021 23:04:28",php-linux,kernel,"[    1.790086] systemd[1]: modprobe@drm.service: Succeeded.
"
"03.07.2021 23:04:28",php-linux,kernel,"[    1.790386] systemd[1]: Finished Load Kernel Module drm.
"
"03.07.2021 23:04:28",php-linux,kernel,"[    1.790844] systemd[1]: Finished Remount Root and Kernel File Systems.
"
"03.07.2021 23:04:28",php-linux,kernel,"[    1.791741] systemd[1]: Activating swap /swapfile...
"
"03.07.2021 23:04:28",php-linux,kernel,"[    1.792536] systemd[1]: Mounting FUSE Control File System...
"
"03.07.2021 23:04:28",php-linux,kernel,"[    1.793513] systemd[1]: Mounting Kernel Configuration File System...
"
"03.07.2021 23:04:28",php-linux,kernel,"[    1.793582] lp: driver loaded but no devices found
"
"03.07.2021 23:04:28",php-linux,kernel,"[    1.794415] systemd[1]: Condition check resulted in Rebuild Hardware Database being skipped.
"
"03.07.2021 23:04:28",php-linux,kernel,"[    1.794485] systemd[1]: Condition check resulted in Platform Persistent Storage Archival being skipped.
"
"03.07.2021 23:04:28",php-linux,kernel,"[    1.795191] systemd[1]: Starting Load/Save Random Seed...
"
"03.07.2021 23:04:28",php-linux,kernel,"[    1.795904] systemd[1]: Starting Create System Users...
"
"03.07.2021 23:04:28",php-linux,kernel,"[    1.796877] systemd[1]: Finished Uncomplicated firewall.
"
"03.07.2021 23:04:28",php-linux,kernel,"[    1.796956] systemd[1]: Mounted FUSE Control File System.
"
"03.07.2021 23:04:28",php-linux,kernel,"[    1.796994] systemd[1]: Mounted Kernel Configuration File System.
"
"03.07.2021 23:04:28",php-linux,kernel,"[    1.797017] systemd[1]: Condition check resulted in VMware vmblock fuse mount being skipped.
"
"03.07.2021 23:04:28",php-linux,kernel,"[    1.797966] ppdev: user-space parallel port driver
"
"03.07.2021 23:04:28",php-linux,kernel,"[    1.800770] systemd[1]: Finished Load/Save Random Seed.
"
"03.07.2021 23:04:28",php-linux,kernel,"[    1.800827] systemd[1]: Condition check resulted in First Boot Complete being skipped.
"
"03.07.2021 23:04:28",php-linux,kernel,"[    1.809282] systemd[1]: Started Journal Service.
"
"03.07.2021 23:04:28",php-linux,kernel,"[    1.813770] Adding 720476k swap on /swapfile.  Priority:-2 extents:3 across:736860k SSFS
"
"03.07.2021 23:04:28",php-linux,kernel,"[    1.814471] systemd-journald[263]: Received client request to flush runtime journal.
"
"03.07.2021 23:04:28",php-linux,kernel,"[    1.848880] [drm] DMA map mode: Caching DMA mappings.
"
"03.07.2021 23:04:28",php-linux,kernel,"[    1.848938] [drm] Capabilities:
"
"03.07.2021 23:04:28",php-linux,kernel,"[    1.848939] [drm]   Cursor.
"
"03.07.2021 23:04:28",php-linux,kernel,"[    1.848940] [drm]   Cursor bypass 2.
"
"03.07.2021 23:04:28",php-linux,kernel,"[    1.848940] [drm]   Alpha cursor.
"
"03.07.2021 23:04:28",php-linux,kernel,"[    1.848941] [drm]   3D.
"
"03.07.2021 23:04:28",php-linux,kernel,"[    1.848941] [drm]   Extended Fifo.
"
"03.07.2021 23:04:28",php-linux,kernel,"[    1.848942] [drm]   Pitchlock.
"
"03.07.2021 23:04:28",php-linux,kernel,"[    1.848942] [drm]   Irq mask.
"
"03.07.2021 23:04:28",php-linux,kernel,"[    1.848943] [drm]   GMR.
"
"03.07.2021 23:04:28",php-linux,kernel,"[    1.848944] [drm]   Traces.
"
"03.07.2021 23:04:28",php-linux,kernel,"[    1.848944] [drm]   GMR2.
"
"03.07.2021 23:04:28",php-linux,kernel,"[    1.848945] [drm]   Screen Object 2.
"
"03.07.2021 23:04:28",php-linux,kernel,"[    1.848946] [drm] Max GMR ids is 8192
"
"03.07.2021 23:04:28",php-linux,kernel,"[    1.848947] [drm] Max number of GMR pages is 1048576
"
"03.07.2021 23:04:28",php-linux,kernel,"[    1.848947] [drm] Max dedicated hypervisor surface memory is 393216 kiB
"
"03.07.2021 23:04:28",php-linux,kernel,"[    1.848948] [drm] Maximum display memory size is 131072 kiB
"
"03.07.2021 23:04:28",php-linux,kernel,"[    1.848949] [drm] VRAM at 0xe0000000 size is 131072 kiB
"
"03.07.2021 23:04:28",php-linux,kernel,"[    1.848950] [drm] MMIO at 0xf0000000 size is 2048 kiB
"
"03.07.2021 23:04:28",php-linux,kernel,"[    1.849337] [TTM] Zone  kernel: Available graphics memory: 8194152 KiB
"
"03.07.2021 23:04:28",php-linux,kernel,"[    1.849340] [TTM] Zone   dma32: Available graphics memory: 2097152 KiB
"
"03.07.2021 23:04:28",php-linux,kernel,"[    1.849868] [drm] Screen Objects Display Unit initialized
"
"03.07.2021 23:04:28",php-linux,kernel,"[    1.849960] [drm] width 720
"
"03.07.2021 23:04:28",php-linux,kernel,"[    1.849968] [drm] height 400
"
"03.07.2021 23:04:28",php-linux,kernel,"[    1.849975] [drm] bpp 32
"
"03.07.2021 23:04:28",php-linux,kernel,"[    1.850180] [drm] Fifo max 0x00200000 min 0x00001000 cap 0x00000355
"
"03.07.2021 23:04:28",php-linux,kernel,"[    1.850189] [drm] Atomic: yes.
"
"03.07.2021 23:04:28",php-linux,kernel,"[    1.850193] [drm:vmw_host_log [vmwgfx]] *ERROR* Failed to send host log message.
"
"03.07.2021 23:04:28",php-linux,kernel,"[    1.850242] loop0: detected capacity change from 0 to 448496
"
"03.07.2021 23:04:28",php-linux,kernel,"[    1.850769] [drm:vmw_host_log [vmwgfx]] *ERROR* Failed to send host log message.
"
"03.07.2021 23:04:28",php-linux,kernel,"[    1.852904] fbcon: svgadrmfb (fb0) is primary device
"
"03.07.2021 23:04:28",php-linux,kernel,"[    1.854538] Console: switching to colour frame buffer device 100x37
"
"03.07.2021 23:04:28",php-linux,kernel,"[    1.856263] [drm] Initialized vmwgfx 2.18.0 20200114 for 0000:00:02.0 on minor 0
"
"03.07.2021 23:04:28",php-linux,kernel,"[    1.865254] loop1: detected capacity change from 0 to 113560
"
"03.07.2021 23:04:28",php-linux,kernel,"[    1.894252] loop2: detected capacity change from 0 to 104536
"
"03.07.2021 23:04:28",php-linux,kernel,"[    1.921331] loop3: detected capacity change from 0 to 132648
"
"03.07.2021 23:04:28",php-linux,kernel,"[    1.937716] loop4: detected capacity change from 0 to 66096
"
"03.07.2021 23:04:28",php-linux,kernel,"[    1.949534] vboxguest: host-version: 6.1.22r144080 0x8000000f
"
"03.07.2021 23:04:28",php-linux,kernel,"[    1.950227] vbg_heartbeat_init: Setting up heartbeat to trigger every 2000 milliseconds
"
"03.07.2021 23:04:28",php-linux,kernel,"[    1.950321] input: VirtualBox mouse integration as /devices/pci0000:00/0000:00:04.0/input/input7
"
"03.07.2021 23:04:28",php-linux,kernel,"[    1.951141] vboxguest: misc device minor 122, IRQ 20, I/O port d040, MMIO at 0x00000000f0400000 (size 0x0000000000400000)
"
"03.07.2021 23:04:28",php-linux,kernel,"[    2.021607] cryptd: max_cpu_qlen set to 1000
"
"03.07.2021 23:04:28",php-linux,kernel,"[    2.027975] AVX2 version of gcm_enc/dec engaged.
"
"03.07.2021 23:04:28",php-linux,kernel,"[    2.027977] AES CTR mode by8 optimization enabled
"
"03.07.2021 23:04:28",php-linux,kernel,"[    2.032717] Decoding supported only on Scalable MCA processors.
"
"03.07.2021 23:04:28",php-linux,kernel,"[    2.081656] Decoding supported only on Scalable MCA processors.
"
"03.07.2021 23:04:28",php-linux,kernel,"[    2.138780] Decoding supported only on Scalable MCA processors.
"
"03.07.2021 23:04:28",php-linux,kernel,"[    2.154425] audit: type=1400 audit(1625346256.100:2): apparmor=""STATUS"" operation=""profile_load"" profile=""unconfined"" name=""libreoffice-oosplash"" pid=537 comm=""apparmor_parser""
"
"03.07.2021 23:04:28",php-linux,kernel,"[    2.162844] audit: type=1400 audit(1625346256.104:3): apparmor=""STATUS"" operation=""profile_load"" profile=""unconfined"" name=""nvidia_modprobe"" pid=539 comm=""apparmor_parser""
"
"03.07.2021 23:04:28",php-linux,kernel,"[    2.163797] audit: type=1400 audit(1625346256.104:4): apparmor=""STATUS"" operation=""profile_load"" profile=""unconfined"" name=""nvidia_modprobe//kmod"" pid=539 comm=""apparmor_parser""
"
"03.07.2021 23:04:28",php-linux,kernel,"[    2.174819] audit: type=1400 audit(1625346256.112:5): apparmor=""STATUS"" operation=""profile_load"" profile=""unconfined"" name=""lsb_release"" pid=541 comm=""apparmor_parser""
"
"03.07.2021 23:04:28",php-linux,kernel,"[    2.177850] Decoding supported only on Scalable MCA processors.
"
"03.07.2021 23:04:28",php-linux,kernel,"[    2.185474] audit: type=1400 audit(1625346256.128:6): apparmor=""STATUS"" operation=""profile_load"" profile=""unconfined"" name=""libreoffice-senddoc"" pid=549 comm=""apparmor_parser""
"
"03.07.2021 23:04:28",php-linux,kernel,"[    2.253475] audit: type=1400 audit(1625346256.196:7): apparmor=""STATUS"" operation=""profile_load"" profile=""unconfined"" name=""tcpdump"" pid=540 comm=""apparmor_parser""
"
"03.07.2021 23:04:28",php-linux,kernel,"[    2.257919] Decoding supported only on Scalable MCA processors.
"
"03.07.2021 23:04:28",php-linux,kernel,"[    2.274578] audit: type=1400 audit(1625346256.216:8): apparmor=""STATUS"" operation=""profile_load"" profile=""unconfined"" name=""libreoffice-xpdfimport"" pid=553 comm=""apparmor_parser""
"
"03.07.2021 23:04:28",php-linux,kernel,"[    2.289273] Decoding supported only on Scalable MCA processors.
"
"03.07.2021 23:04:28",php-linux,kernel,"[    2.307127] audit: type=1400 audit(1625346256.244:9): apparmor=""STATUS"" operation=""profile_load"" profile=""unconfined"" name=""/usr/lib/snapd/snap-confine"" pid=544 comm=""apparmor_parser""
"
"03.07.2021 23:04:28",php-linux,kernel,"[    2.307961] audit: type=1400 audit(1625346256.244:10): apparmor=""STATUS"" operation=""profile_load"" profile=""unconfined"" name=""/usr/lib/snapd/snap-confine//mount-namespace-capture-helper"" pid=544 comm=""apparmor_parser""
"
"03.07.2021 23:04:28",php-linux,kernel,"[    6.146553] kauditd_printk_skb: 16 callbacks suppressed
"
"03.07.2021 23:04:28",php-linux,kernel,"[    6.146556] audit: type=1400 audit(1625346260.036:27): apparmor=""STATUS"" operation=""profile_load"" profile=""unconfined"" name=""libreoffice-soffice"" pid=547 comm=""apparmor_parser""
"
"03.07.2021 23:04:28",php-linux,kernel,"[    6.147967] audit: type=1400 audit(1625346260.036:28): apparmor=""STATUS"" operation=""profile_load"" profile=""unconfined"" name=""libreoffice-soffice//gpg"" pid=547 comm=""apparmor_parser""
"
"03.07.2021 23:04:28",php-linux,kernel,"[   13.606562] snd_intel8x0 0000:00:05.0: allow list rate for 1028:0177 is 48000
"
"03.07.2021 23:04:28",php-linux,kernel,"[   13.736379] audit: type=1400 audit(1625346267.680:29): apparmor=""STATUS"" operation=""profile_load"" profile=""unconfined"" name=""snap.snap-store.hook.configure"" pid=567 comm=""apparmor_parser""
"
"03.07.2021 23:04:28",php-linux,kernel,"[   13.924967] audit: type=1400 audit(1625346267.864:30): apparmor=""STATUS"" operation=""profile_load"" profile=""unconfined"" name=""snap-update-ns.snap-store"" pid=566 comm=""apparmor_parser""
"
"03.07.2021 23:04:28",php-linux,kernel,"[   13.949101] audit: type=1400 audit(1625346267.892:31): apparmor=""STATUS"" operation=""profile_load"" profile=""unconfined"" name=""/snap/snapd/11588/usr/lib/snapd/snap-confine"" pid=565 comm=""apparmor_parser""
"
"03.07.2021 23:04:28",php-linux,kernel,"[   13.949852] audit: type=1400 audit(1625346267.892:32): apparmor=""STATUS"" operation=""profile_load"" profile=""unconfined"" name=""/snap/snapd/11588/usr/lib/snapd/snap-confine//mount-namespace-capture-helper"" pid=565 comm=""apparmor_parser""
"
"03.07.2021 23:04:28",php-linux,kernel,"[   13.966518] audit: type=1400 audit(1625346267.908:33): apparmor=""STATUS"" operation=""profile_load"" profile=""unconfined"" name=""snap.snap-store.snap-store"" pid=568 comm=""apparmor_parser""
"
"03.07.2021 23:04:28",php-linux,kernel,"[   13.977993] audit: type=1400 audit(1625346267.916:34): apparmor=""STATUS"" operation=""profile_load"" profile=""unconfined"" name=""snap.snap-store.ubuntu-software-local-file"" pid=570 comm=""apparmor_parser""
"
"03.07.2021 23:04:28",php-linux,kernel,"[   14.043996] audit: type=1400 audit(1625346267.984:35): apparmor=""STATUS"" operation=""profile_load"" profile=""unconfined"" name=""snap.snap-store.ubuntu-software"" pid=569 comm=""apparmor_parser""
"
"03.07.2021 23:04:28",php-linux,rsyslogd,"imuxsock: Acquired UNIX socket '/run/systemd/journal/syslog' (fd 3) from systemd.  [v8.2102.0]
"
"03.07.2021 23:04:28",php-linux,systemd[1],"Starting GRUB failed boot detection...
"
"03.07.2021 23:04:28",php-linux,rsyslogd,"rsyslogd's groupid changed to 110
"
"03.07.2021 23:04:28",php-linux,systemd[1],"Started System Logging Service.
"
"03.07.2021 23:04:28",php-linux,rsyslogd,"rsyslogd's userid changed to 104
"
"03.07.2021 23:04:28",php-linux,rsyslogd,"[origin software=""rsyslogd"" swVersion=""8.2102.0"" x-pid=""600"" x-info=""https://www.rsyslog.com""] start
"
"03.07.2021 23:04:28",php-linux,apport[576],"   ...done.
"
"03.07.2021 23:04:28",php-linux,systemd[1],"Started LSB: automatic crash report generation.
"
"03.07.2021 23:04:28",php-linux,udisksd[613],"udisks daemon version 2.9.2 starting
"
"03.07.2021 23:04:28",php-linux,systemd[1],"grub-initrd-fallback.service: Succeeded.
"
"03.07.2021 23:04:28",php-linux,systemd[1],"Finished GRUB failed boot detection.
"
"03.07.2021 23:04:28",php-linux,systemd[1],"gpu-manager.service: Succeeded.
"
"03.07.2021 23:04:28",php-linux,systemd[1],"Finished Detect the available GPUs and deal with any system changes.
"
"03.07.2021 23:04:28",php-linux,dbus-daemon[580],"dbus[580]: Unknown group ""power"" in message bus configuration file
"
"03.07.2021 23:04:28",php-linux,dbus-daemon[580],"[system] AppArmor D-Bus mediation is enabled
"
"03.07.2021 23:04:28",php-linux,systemd[1],"Started User Login Management.
"
"03.07.2021 23:04:28",php-linux,dbus-daemon[580],"[system] Successfully activated service 'org.freedesktop.systemd1'
"
"03.07.2021 23:04:28",php-linux,wpa_supplicant[615],"Successfully initialized wpa_supplicant
"
"03.07.2021 23:04:28",php-linux,avahi-daemon[577],"Successfully called chroot().
"
"03.07.2021 23:04:28",php-linux,avahi-daemon[577],"Successfully dropped remaining capabilities.
"
"03.07.2021 23:04:28",php-linux,systemd[1],"Started WPA supplicant.
"
"03.07.2021 23:04:28",php-linux,systemd[1],"Started Avahi mDNS/DNS-SD Stack.
"
"03.07.2021 23:04:28",php-linux,systemd[1],"Started Switcheroo Control Proxy service.
"
"03.07.2021 23:04:28",php-linux,systemd[1],"Condition check resulted in Manage Sound Card State (restore and store) being skipped.
"
"03.07.2021 23:04:28",php-linux,avahi-daemon[577],"No service file found in /etc/avahi/services.
"
"03.07.2021 23:04:28",php-linux,avahi-daemon[577],"Joining mDNS multicast group on interface lo.IPv6 with address ::1.
"
"03.07.2021 23:04:28",php-linux,avahi-daemon[577],"New relevant interface lo.IPv6 for mDNS.
"
"03.07.2021 23:04:28",php-linux,avahi-daemon[577],"Joining mDNS multicast group on interface lo.IPv4 with address 127.0.0.1.
"
"03.07.2021 23:04:28",php-linux,avahi-daemon[577],"New relevant interface lo.IPv4 for mDNS.
"
"03.07.2021 23:04:28",php-linux,avahi-daemon[577],"Network interface enumeration completed.
"
"03.07.2021 23:04:28",php-linux,avahi-daemon[577],"Registering new address record for ::1 on lo.*.
"
"03.07.2021 23:04:28",php-linux,avahi-daemon[577],"Registering new address record for 127.0.0.1 on lo.IPv4.
"
"03.07.2021 23:04:28",php-linux,systemd[1],"Starting Save/Restore Sound Card State...
"
"03.07.2021 23:04:28",php-linux,systemd[1],"Started Power Profiles daemon.
"
"03.07.2021 23:04:28",php-linux,polkitd[594],"started daemon version 0.105 using authority implementation `local' version `0.105'
"
"03.07.2021 23:04:28",php-linux,NetworkManager[581],"<info>  [1625346268.0808] NetworkManager (version 1.30.0) is starting... (for the first time)
"
"03.07.2021 23:04:28",php-linux,alsactl[663],"/usr/sbin/alsactl: load_state:1683: Cannot open /var/lib/alsa/asound.state for reading: No such file or directory
"
"03.07.2021 23:04:28",php-linux,NetworkManager[581],"<info>  [1625346268.0808] Read config: /etc/NetworkManager/NetworkManager.conf (lib: 10-dns-resolved.conf, 20-connectivity-ubuntu.conf, no-mac-addr-change.conf) (run: 10-globally-managed-devices.conf) (etc: default-wifi-powersave-on.conf)
"
"03.07.2021 23:04:28",php-linux,systemd[1],"Started Authorization Manager.
"
"03.07.2021 23:04:28",php-linux,systemd[1],"Starting Modem Manager...
"
"03.07.2021 23:04:28",php-linux,NetworkManager[581],"<info>  [1625346268.0828] bus-manager: acquired D-Bus service ""org.freedesktop.NetworkManager""
"
"03.07.2021 23:04:28",php-linux,alsactl[663],"alsa-lib main.c:1014:(snd_use_case_mgr_open) error: failed to import hw:0 use case configuration -2
"
"03.07.2021 23:04:28",php-linux,systemd[1],"Started Network Manager.
"
"03.07.2021 23:04:28",php-linux,alsactl[663],"Found hardware: ""ICH"" ""Analog Devices AD1980"" ""AC97a:41445370"" ""0x1028"" ""0x0177""
"
"03.07.2021 23:04:28",php-linux,alsactl[663],"Hardware is initialized using a generic method
"
"03.07.2021 23:04:28",php-linux,systemd[1],"Reached target Network.
"
"03.07.2021 23:04:28",php-linux,systemd[1],"Starting Network Manager Wait Online...
"
"03.07.2021 23:04:28",php-linux,systemd[1],"Starting CUPS Scheduler...
"
"03.07.2021 23:04:28",php-linux,systemd[1],"Starting OpenVPN service...
"
"03.07.2021 23:04:28",php-linux,systemd[1],"Condition check resulted in fast remote file copy program daemon being skipped.
"
"03.07.2021 23:04:28",php-linux,systemd[1],"Starting Permit User Sessions...
"
"03.07.2021 23:04:28",php-linux,systemd[1],"Started Unattended Upgrades Shutdown.
"
"03.07.2021 23:04:28",php-linux,systemd[1],"Finished Save/Restore Sound Card State.
"
"03.07.2021 23:04:28",php-linux,systemd[1],"Reached target Sound Card.
"
"03.07.2021 23:04:28",php-linux,systemd[1],"Finished OpenVPN service.
"
"03.07.2021 23:04:28",php-linux,systemd[1],"Finished Permit User Sessions.
"
"03.07.2021 23:04:28",php-linux,systemd[1],"Starting GNOME Display Manager...
"
"03.07.2021 23:04:28",php-linux,NetworkManager[581],"<info>  [1625346268.0935] manager[0x556006c95030]: monitoring kernel firmware directory '/lib/firmware'.
"
"03.07.2021 23:04:28",php-linux,NetworkManager[581],"<info>  [1625346268.0935] monitoring ifupdown state file '/run/network/ifstate'.
"
"03.07.2021 23:04:28",php-linux,systemd[1],"Starting Hold until boot process finishes up...
"
"03.07.2021 23:04:28",php-linux,dbus-daemon[580],"[system] Activating via systemd: service name='org.freedesktop.hostname1' unit='dbus-org.freedesktop.hostname1.service' requested by ':1.11' (uid=0 pid=581 comm=""/usr/sbin/NetworkManager --no-daemon "" label=""unconfined"")
"
"03.07.2021 23:04:28",php-linux,systemd[1],"Starting Hostname Service...
"
"03.07.2021 23:04:28",php-linux,ModemManager[666],"<info>  ModemManager (version 1.14.10) starting in system bus...
"
"03.07.2021 23:04:28",php-linux,snapd[604],"AppArmor status: apparmor is enabled and all features are available
"
"03.07.2021 23:04:28",php-linux,udisksd[613],"failed to load module mdraid: libbd_mdraid.so.2: cannot open shared object file: No such file or directory
"
"03.07.2021 23:04:28",php-linux,udisksd[613],"Failed to load the 'mdraid' libblockdev plugin
"
"03.07.2021 23:04:28",php-linux,systemd[1],"Started GNOME Display Manager.
"
"03.07.2021 23:04:28",php-linux,accounts-daemon[573],"started daemon version 0.6.55
"
"03.07.2021 23:04:28",php-linux,systemd[1],"Started Accounts Service.
"
"03.07.2021 23:04:28",php-linux,systemd[1],"Started CUPS Scheduler.
"
"03.07.2021 23:04:28",php-linux,dbus-daemon[580],"[system] Successfully activated service 'org.freedesktop.hostname1'
"
"03.07.2021 23:04:28",php-linux,systemd[1],"Started Make remote CUPS printers available locally.
"
"03.07.2021 23:04:28",php-linux,systemd[1],"Started Hostname Service.
"
"03.07.2021 23:04:28",php-linux,NetworkManager[581],"<info>  [1625346268.1462] hostname: hostname: using hostnamed
"
"03.07.2021 23:04:28",php-linux,NetworkManager[581],"<info>  [1625346268.1462] hostname: hostname changed from (none) to ""php-linux""
"
"03.07.2021 23:04:28",php-linux,NetworkManager[581],"<info>  [1625346268.1464] dns-mgr[0x556006c89170]: init: dns=systemd-resolved rc-manager=unmanaged (auto), plugin=systemd-resolved
"
"03.07.2021 23:04:28",php-linux,NetworkManager[581],"<info>  [1625346268.1467] manager[0x556006c95030]: rfkill: Wi-Fi hardware radio set enabled
"
"03.07.2021 23:04:28",php-linux,NetworkManager[581],"<info>  [1625346268.1467] manager[0x556006c95030]: rfkill: WWAN hardware radio set enabled
"
"03.07.2021 23:04:28",php-linux,kernel,"[   14.198088] audit: type=1400 audit(1625346268.140:36): apparmor=""DENIED"" operation=""capable"" profile=""/usr/sbin/cupsd"" pid=671 comm=""cupsd"" capability=12  capname=""net_admin""
"
"03.07.2021 23:04:28",php-linux,systemd[1],"Received SIGRTMIN+21 from PID 330 (plymouthd).
"
"03.07.2021 23:04:28",php-linux,NetworkManager[581],"<info>  [1625346268.1551] Loaded device plugin: NMBluezManager (/usr/lib/x86_64-linux-gnu/NetworkManager/1.30.0/libnm-device-plugin-bluetooth.so)
"
"03.07.2021 23:04:28",php-linux,snapd[604],"patch.go:64: Patching system state level 6 to sublevel 1...
"
"03.07.2021 23:04:28",php-linux,NetworkManager[581],"<info>  [1625346268.1562] Loaded device plugin: NMAtmManager (/usr/lib/x86_64-linux-gnu/NetworkManager/1.30.0/libnm-device-plugin-adsl.so)
"
"03.07.2021 23:04:28",php-linux,NetworkManager[581],"<info>  [1625346268.1589] Loaded device plugin: NMTeamFactory (/usr/lib/x86_64-linux-gnu/NetworkManager/1.30.0/libnm-device-plugin-team.so)
"
"03.07.2021 23:04:28",php-linux,NetworkManager[581],"<info>  [1625346268.1597] Loaded device plugin: NMWwanFactory (/usr/lib/x86_64-linux-gnu/NetworkManager/1.30.0/libnm-device-plugin-wwan.so)
"
"03.07.2021 23:04:28",php-linux,systemd[1],"Started Modem Manager.
"
"03.07.2021 23:04:28",php-linux,NetworkManager[581],"<info>  [1625346268.1616] Loaded device plugin: NMWifiFactory (/usr/lib/x86_64-linux-gnu/NetworkManager/1.30.0/libnm-device-plugin-wifi.so)
"
"03.07.2021 23:04:28",php-linux,NetworkManager[581],"<info>  [1625346268.1619] manager: rfkill: Wi-Fi enabled by radio killswitch; enabled by state file
"
"03.07.2021 23:04:28",php-linux,NetworkManager[581],"<info>  [1625346268.1620] manager: rfkill: WWAN enabled by radio killswitch; enabled by state file
"
"03.07.2021 23:04:28",php-linux,NetworkManager[581],"<info>  [1625346268.1620] manager: Networking is enabled by state file
"
"03.07.2021 23:04:28",php-linux,NetworkManager[581],"<info>  [1625346268.1626] dhcp-init: Using DHCP client 'internal'
"
"03.07.2021 23:04:28",php-linux,dbus-daemon[580],"[system] Activating via systemd: service name='org.freedesktop.nm_dispatcher' unit='dbus-org.freedesktop.nm-dispatcher.service' requested by ':1.11' (uid=0 pid=581 comm=""/usr/sbin/NetworkManager --no-daemon "" label=""unconfined"")
"
"03.07.2021 23:04:28",php-linux,NetworkManager[581],"<info>  [1625346268.1643] settings: Loaded settings plugin: ifupdown (""/usr/lib/x86_64-linux-gnu/NetworkManager/1.30.0/libnm-settings-plugin-ifupdown.so"")
"
"03.07.2021 23:04:28",php-linux,NetworkManager[581],"<info>  [1625346268.1643] settings: Loaded settings plugin: keyfile (internal)
"
"03.07.2021 23:04:28",php-linux,NetworkManager[581],"<info>  [1625346268.1643] ifupdown: management mode: unmanaged
"
"03.07.2021 23:04:28",php-linux,NetworkManager[581],"<warn>  [1625346268.1646] ifupdown: interfaces file /etc/network/interfaces doesn't exist
"
"03.07.2021 23:04:28",php-linux,systemd[1],"Starting Network Manager Script Dispatcher Service...
"
"03.07.2021 23:04:28",php-linux,NetworkManager[581],"<info>  [1625346268.1777] device (lo): carrier: link connected
"
"03.07.2021 23:04:28",php-linux,NetworkManager[581],"<info>  [1625346268.1780] manager: (lo): new Generic device (/org/freedesktop/NetworkManager/Devices/1)
"
